[10:10:03] [RULE 1] High Activity (+30) | System Idle Process | Events: 15
[10:10:03] [RULE 1] High Activity (+30) | System Idle Process | Events: 16
[10:10:03] [RULE 1] High Activity (+30) | System Idle Process | Events: 17
[10:10:03] 🚨 HIGH RISK! Process: System Idle Process | Score: 90
[10:10:03] [RULE 1] High Activity (+30) | System Idle Process | Events: 6
[10:10:03] [RULE 1] High Activity (+30) | System Idle Process | Events: 7
[10:10:03] [RULE 1] High Activity (+30) | System Idle Process | Events: 18
[10:10:03] [RULE 1] High Activity (+30) | System Idle Process | Events: 19
[10:10:03] [RULE 1] High Activity (+30) | System Idle Process | Events: 8
[10:10:03] 🚨 HIGH RISK! Process: System Idle Process | Score: 90
[10:10:03] [RULE 1] High Activity (+30) | System Idle Process | Events: 20
[10:10:03] 🚨 HIGH RISK! Process: System Idle Process | Score: 90
[10:10:03] [RULE 1] High Activity (+30) | System Idle Process | Events: 9
[10:10:03] [RULE 1] High Activity (+30) | System Idle Process | Events: 21
[10:10:03] [RULE 1] High Activity (+30) | System Idle Process | Events: 10
[10:10:03] [RULE 1] High Activity (+30) | System Idle Process | Events: 22
[10:10:03] [RULE 1] High Activity (+30) | System Idle Process | Events: 11
[10:10:03] 🚨 HIGH RISK! Process: System Idle Process | Score: 90
[10:10:03] [RULE 1] High Activity (+30) | System Idle Process | Events: 23
[10:10:03] 🚨 HIGH RISK! Process: System Idle Process | Score: 90
[10:10:03] [RULE 1] High Activity (+30) | System Idle Process | Events: 12
[10:10:03] [RULE 1] High Activity (+30) | System Idle Process | Events: 24
[10:10:03] [RULE 1] High Activity (+30) | System Idle Process | Events: 13
[10:10:03] [RULE 1] High Activity (+30) | System Idle Process | Events: 25
[10:10:03] [RULE 1] High Activity (+30) | System Idle Process | Events: 14
[10:10:03] 🚨 HIGH RISK! Process: System Idle Process | Score: 90
[10:10:03] [RULE 1] High Activity (+30) | System Idle Process | Events: 26
[10:10:03] 🚨 HIGH RISK! Process: System Idle Process | Score: 90
[10:10:03] [RULE 1] High Activity (+30) | System Idle Process | Events: 15
[10:10:03] [RULE 1] High Activity (+30) | System Idle Process | Events: 27
[10:10:03] [RULE 1] High Activity (+30) | System Idle Process | Events: 16
[10:10:03] [RULE 1] High Activity (+30) | System Idle Process | Events: 28
[10:10:03] [RULE 1] High Activity (+30) | System Idle Process | Events: 17
[10:10:03] 🚨 HIGH RISK! Process: System Idle Process | Score: 90
[10:10:03] [RULE 1] High Activity (+30) | System Idle Process | Events: 29
[10:10:03] 🚨 HIGH RISK! Process: System Idle Process | Score: 90
[10:10:03] [RULE 1] High Activity (+30) | System Idle Process | Events: 18
[10:10:03] [RULE 1] High Activity (+30) | System Idle Process | Events: 30
[10:10:03] [RULE 1] High Activity (+30) | System Idle Process | Events: 19
[10:10:03] [RULE 1] High Activity (+30) | System Idle Process | Events: 31
[10:10:03] [RULE 1] High Activity (+30) | System Idle Process | Events: 20
[10:10:03] 🚨 HIGH RISK! Process: System Idle Process | Score: 90
[10:10:03] [RULE 1] High Activity (+30) | System Idle Process | Events: 32
[10:10:03] 🚨 HIGH RISK! Process: System Idle Process | Score: 90
[10:10:03] [RULE 1] High Activity (+30) | System Idle Process | Events: 21
[10:10:03] [RULE 1] High Activity (+30) | System Idle Process | Events: 33
[10:10:03] [RULE 1] High Activity (+30) | System Idle Process | Events: 22
[10:10:03] [RULE 1] High Activity (+30) | System Idle Process | Events: 34
[10:10:03] [RULE 1] High Activity (+30) | System Idle Process | Events: 23
[10:10:03] 🚨 HIGH RISK! Process: System Idle Process | Score: 90
[10:10:03] [RULE 1] High Activity (+30) | System Idle Process | Events: 35
[10:10:03] 🚨 HIGH RISK! Process: System Idle Process | Score: 90
[10:10:03] [RULE 1] High Activity (+30) | System Idle Process | Events: 24
[10:10:03] [RULE 1] High Activity (+30) | System Idle Process | Events: 36
[10:10:03] [RULE 1] High Activity (+30) | System Idle Process | Events: 25
[10:10:03] [RULE 1] High Activity (+30) | System Idle Process | Events: 37
[10:10:04] [RULE 1] High Activity (+30) | System Idle Process | Events: 26
[10:10:04] 🚨 HIGH RISK! Process: System Idle Process | Score: 90
[10:10:04] [RULE 1] High Activity (+30) | System Idle Process | Events: 38
[10:10:04] 🚨 HIGH RISK! Process: System Idle Process | Score: 90
[10:10:04] [RULE 1] High Activity (+30) | System Idle Process | Events: 27
[10:10:04] [RULE 1] High Activity (+30) | System Idle Process | Events: 28
[10:10:04] [RULE 1] High Activity (+30) | System Idle Process | Events: 39
[10:10:04] [RULE 1] High Activity (+30) | System Idle Process | Events: 40
[10:10:04] [RULE 1] High Activity (+30) | System Idle Process | Events: 29
[10:10:04] 🚨 HIGH RISK! Process: System Idle Process | Score: 90
[10:10:04] [RULE 1] High Activity (+30) | System Idle Process | Events: 41
[10:10:04] 🚨 HIGH RISK! Process: System Idle Process | Score: 90
[10:10:04] [RULE 1] High Activity (+30) | System Idle Process | Events: 30
[10:10:04] [RULE 1] High Activity (+30) | System Idle Process | Events: 31
[10:10:04] [RULE 1] High Activity (+30) | System Idle Process | Events: 43
[10:10:04] [RULE 1] High Activity (+30) | System Idle Process | Events: 32
[10:10:04] 🚨 HIGH RISK! Process: System Idle Process | Score: 90
[10:10:04] [RULE 1] High Activity (+30) | System Idle Process | Events: 44
[10:10:04] 🚨 HIGH RISK! Process: System Idle Process | Score: 90
[10:10:04] [RULE 1] High Activity (+30) | System Idle Process | Events: 33
[10:10:04] [RULE 1] High Activity (+30) | System Idle Process | Events: 45
[10:10:04] [RULE 1] High Activity (+30) | System Idle Process | Events: 34
[10:10:04] [RULE 1] High Activity (+30) | System Idle Process | Events: 46
[10:10:04] [RULE 1] High Activity (+30) | System Idle Process | Events: 35
[10:10:04] 🚨 HIGH RISK! Process: System Idle Process | Score: 90
[10:10:04] [RULE 1] High Activity (+30) | System Idle Process | Events: 47
[10:10:04] 🚨 HIGH RISK! Process: System Idle Process | Score: 90
[10:10:04] [RULE 1] High Activity (+30) | System Idle Process | Events: 36
[10:10:04] [RULE 1] High Activity (+30) | System Idle Process | Events: 48
[10:10:04] [RULE 1] High Activity (+30) | System Idle Process | Events: 37
[10:10:04] [RULE 1] High Activity (+30) | System Idle Process | Events: 49
[10:10:05] [RULE 1] High Activity (+30) | System Idle Process | Events: 38
[10:10:05] [RULE 4] Renamed to Ransomware Ext (+45)
[10:10:05] 🚨 HIGH RISK! Process: System Idle Process | Score: 135
[10:10:05] [RULE 1] High Activity (+30) | System Idle Process | Events: 50
[10:10:05] [RULE 4] Renamed to Ransomware Ext (+45)
[10:10:05] 🚨 HIGH RISK! Process: System Idle Process | Score: 135
[10:10:05] [RULE 1] High Activity (+30) | System Idle Process | Events: 39
[10:10:05] [RULE 2] Ransomware Extension (+50) | C:\Users\nimsa\OneDrive\Documents\Visual Studio\NOVASPHERE\test_folder\project_report_1.docx.locked
[10:10:05] 🚨 HIGH RISK! Process: System Idle Process | Score: 80
[10:10:05] [RULE 1] High Activity (+30) | System Idle Process | Events: 51
[10:10:05] [RULE 2] Ransomware Extension (+50) | C:\Users\nimsa\OneDrive\Documents\Visual Studio\NOVASPHERE\test_folder\project_report_1.docx.locked
[10:10:05] 🚨 HIGH RISK! Process: System Idle Process | Score: 80
[10:10:06] [RULE 1] High Activity (+30) | System Idle Process | Events: 40
[10:10:06] [RULE 2] Ransomware Extension (+50) | C:\Users\nimsa\OneDrive\Documents\Visual Studio\NOVASPHERE\test_folder\project_report_1.docx.locked
[10:10:06] 🚨 HIGH RISK! Process: System Idle Process | Score: 80
[10:10:06] [RULE 1] High Activity (+30) | System Idle Process | Events: 52
[10:10:06] [RULE 2] Ransomware Extension (+50) | C:\Users\nimsa\OneDrive\Documents\Visual Studio\NOVASPHERE\test_folder\project_report_1.docx.locked
[10:10:06] 🚨 HIGH RISK! Process: System Idle Process | Score: 80
[10:13:04] [RULE 1] High Activity (+30) | System Idle Process | Events: 6
[10:13:04] [RULE 1] High Activity (+30) | System Idle Process | Events: 7
[10:13:04] [RULE 1] High Activity (+30) | System Idle Process | Events: 8
[10:13:04] 🚨 HIGH RISK! Process: System Idle Process | Score: 90
[10:13:04] [RULE 1] High Activity (+30) | System Idle Process | Events: 9
[10:13:04] [RULE 1] High Activity (+30) | System Idle Process | Events: 10
[10:13:04] [RULE 1] High Activity (+30) | System Idle Process | Events: 11
[10:13:04] 🚨 HIGH RISK! Process: System Idle Process | Score: 90
[10:13:04] [RULE 1] High Activity (+30) | System Idle Process | Events: 12
[10:13:04] [RULE 1] High Activity (+30) | System Idle Process | Events: 13
[10:13:04] [RULE 1] High Activity (+30) | System Idle Process | Events: 14
[10:13:04] 🚨 HIGH RISK! Process: System Idle Process | Score: 90
[10:13:04] [RULE 1] High Activity (+30) | System Idle Process | Events: 15
[10:13:04] [RULE 1] High Activity (+30) | System Idle Process | Events: 16
[10:13:04] [RULE 1] High Activity (+30) | System Idle Process | Events: 17
[10:13:04] 🚨 HIGH RISK! Process: System Idle Process | Score: 90
[10:13:04] [RULE 1] High Activity (+30) | System Idle Process | Events: 18
[10:13:04] [RULE 1] High Activity (+30) | System Idle Process | Events: 19
[10:13:04] [RULE 1] High Activity (+30) | System Idle Process | Events: 20
[10:13:04] 🚨 HIGH RISK! Process: System Idle Process | Score: 90
[10:13:04] [RULE 1] High Activity (+30) | System Idle Process | Events: 21
[10:13:04] [RULE 1] High Activity (+30) | System Idle Process | Events: 22
[10:13:04] [RULE 1] High Activity (+30) | System Idle Process | Events: 23
[10:13:04] 🚨 HIGH RISK! Process: System Idle Process | Score: 90
[10:13:04] [RULE 1] High Activity (+30) | System Idle Process | Events: 24
[10:13:04] [RULE 1] High Activity (+30) | System Idle Process | Events: 25
[10:13:04] [RULE 1] High Activity (+30) | System Idle Process | Events: 26
[10:13:04] 🚨 HIGH RISK! Process: System Idle Process | Score: 90
[10:13:04] [RULE 1] High Activity (+30) | System Idle Process | Events: 27
[10:13:04] [RULE 1] High Activity (+30) | System Idle Process | Events: 28
[10:13:05] [RULE 1] High Activity (+30) | System Idle Process | Events: 29
[10:13:05] 🚨 HIGH RISK! Process: System Idle Process | Score: 90
[10:13:05] [RULE 1] High Activity (+30) | System Idle Process | Events: 30
[10:13:05] [RULE 1] High Activity (+30) | System Idle Process | Events: 31
[10:13:05] [RULE 1] High Activity (+30) | System Idle Process | Events: 32
[10:13:05] 🚨 HIGH RISK! Process: System Idle Process | Score: 90
[10:13:05] [RULE 1] High Activity (+30) | System Idle Process | Events: 33
[10:13:05] [RULE 1] High Activity (+30) | System Idle Process | Events: 34
[10:13:06] [RULE 1] High Activity (+30) | System Idle Process | Events: 35
[10:13:06] [RULE 4] Renamed to Ransomware Ext (+45)
[10:13:06] 🚨 HIGH RISK! Process: System Idle Process | Score: 135
[10:13:06] [RULE 1] High Activity (+30) | System Idle Process | Events: 36
[10:13:06] [RULE 2] Ransomware Extension (+50) | C:\Users\nimsa\OneDrive\Documents\Visual Studio\NOVASPHERE\test_folder\project_report_2.docx.locked
[10:13:06] 🚨 HIGH RISK! Process: System Idle Process | Score: 80
[10:13:06] [RULE 1] High Activity (+30) | System Idle Process | Events: 37
[10:13:06] [RULE 2] Ransomware Extension (+50) | C:\Users\nimsa\OneDrive\Documents\Visual Studio\NOVASPHERE\test_folder\project_report_2.docx.locked
[10:13:06] 🚨 HIGH RISK! Process: System Idle Process | Score: 80
[10:13:07] [RULE 1] High Activity (+30) | System Idle Process | Events: 38
[10:13:07] [RULE 4] Renamed to Ransomware Ext (+45)
[10:13:07] [RULE 1] High Activity (+30) | System Idle Process | Events: 39
[10:13:07] [RULE 2] Ransomware Extension (+50) | C:\Users\nimsa\OneDrive\Documents\Visual Studio\NOVASPHERE\test_folder\project_report_3.docx.locked
[10:13:07] 🚨 HIGH RISK! Process: System Idle Process | Score: 155
[10:13:07] [RULE 1] High Activity (+30) | System Idle Process | Events: 40
[10:13:07] [RULE 2] Ransomware Extension (+50) | C:\Users\nimsa\OneDrive\Documents\Visual Studio\NOVASPHERE\test_folder\project_report_3.docx.locked
[10:13:07] 🚨 HIGH RISK! Process: System Idle Process | Score: 80
[10:13:07] [RULE 1] High Activity (+30) | System Idle Process | Events: 41
[10:13:07] [RULE 4] Renamed to Ransomware Ext (+45)
[10:13:07] [RULE 1] High Activity (+30) | System Idle Process | Events: 42
[10:13:07] [RULE 2] Ransomware Extension (+50) | C:\Users\nimsa\OneDrive\Documents\Visual Studio\NOVASPHERE\test_folder\project_report_1.docx.locked
[10:13:07] 🚨 HIGH RISK! Process: System Idle Process | Score: 155
[10:13:07] [RULE 1] High Activity (+30) | System Idle Process | Events: 43
[10:13:07] [RULE 2] Ransomware Extension (+50) | C:\Users\nimsa\OneDrive\Documents\Visual Studio\NOVASPHERE\test_folder\project_report_1.docx.locked
[10:13:07] 🚨 HIGH RISK! Process: System Idle Process | Score: 80
[10:19:35] [RULE 1] High Activity (+30) | System Idle Process | Events: 6
[10:19:35] [RULE 1] High Activity (+30) | System Idle Process | Events: 7
[10:19:35] [RULE 1] High Activity (+30) | System Idle Process | Events: 8
[10:19:35] 🚨 HIGH RISK! Process: System Idle Process | Score: 90
[10:19:35] [RULE 1] High Activity (+30) | System Idle Process | Events: 9
[10:19:35] [RULE 1] High Activity (+30) | System Idle Process | Events: 10
[10:19:35] [RULE 1] High Activity (+30) | System Idle Process | Events: 11
[10:19:35] 🚨 HIGH RISK! Process: System Idle Process | Score: 90
[10:19:35] [RULE 1] High Activity (+30) | System Idle Process | Events: 12
[10:19:35] [RULE 1] High Activity (+30) | System Idle Process | Events: 13
[10:19:35] [RULE 1] High Activity (+30) | System Idle Process | Events: 14
[10:19:35] 🚨 HIGH RISK! Process: System Idle Process | Score: 90
[10:19:35] [RULE 1] High Activity (+30) | System Idle Process | Events: 15
[10:19:35] [RULE 1] High Activity (+30) | System Idle Process | Events: 16
[10:19:35] [RULE 1] High Activity (+30) | System Idle Process | Events: 17
[10:19:35] 🚨 HIGH RISK! Process: System Idle Process | Score: 90
[10:19:35] [RULE 1] High Activity (+30) | System Idle Process | Events: 18
[10:19:35] [RULE 1] High Activity (+30) | System Idle Process | Events: 19
[10:19:35] [RULE 1] High Activity (+30) | System Idle Process | Events: 20
[10:19:35] 🚨 HIGH RISK! Process: System Idle Process | Score: 90
[10:19:35] [RULE 1] High Activity (+30) | System Idle Process | Events: 21
[10:19:35] [RULE 1] High Activity (+30) | System Idle Process | Events: 22
[10:19:35] [RULE 1] High Activity (+30) | System Idle Process | Events: 23
[10:19:35] 🚨 HIGH RISK! Process: System Idle Process | Score: 90
[10:19:35] [RULE 1] High Activity (+30) | System Idle Process | Events: 24
[10:19:35] [RULE 1] High Activity (+30) | System Idle Process | Events: 25
[10:19:35] [RULE 1] High Activity (+30) | System Idle Process | Events: 26
[10:19:35] 🚨 HIGH RISK! Process: System Idle Process | Score: 90
[10:19:35] [RULE 1] High Activity (+30) | System Idle Process | Events: 27
[10:19:35] [RULE 1] High Activity (+30) | System Idle Process | Events: 28
[10:19:35] [RULE 1] High Activity (+30) | System Idle Process | Events: 29
[10:19:35] 🚨 HIGH RISK! Process: System Idle Process | Score: 90
[10:19:35] [RULE 1] High Activity (+30) | System Idle Process | Events: 30
[10:19:36] [RULE 1] High Activity (+30) | System Idle Process | Events: 31
[10:19:36] [RULE 1] High Activity (+30) | System Idle Process | Events: 32
[10:19:36] 🚨 HIGH RISK! Process: System Idle Process | Score: 90
[10:19:36] [RULE 1] High Activity (+30) | System Idle Process | Events: 33
[10:19:37] [RULE 1] High Activity (+30) | System Idle Process | Events: 34
[10:19:37] [RULE 4] Renamed to Ransomware Ext (+45)
[10:19:37] 🚨 HIGH RISK! Process: System Idle Process | Score: 105
[10:19:37] [RULE 1] High Activity (+30) | System Idle Process | Events: 35
[10:19:37] [RULE 2] Ransomware Extension (+50) | C:\Users\nimsa\OneDrive\Documents\Visual Studio\NOVASPHERE\test_folder\project_report_2.docx.locked
[10:19:37] 🚨 HIGH RISK! Process: System Idle Process | Score: 80
[10:19:37] [RULE 1] High Activity (+30) | System Idle Process | Events: 36
[10:19:37] [RULE 2] Ransomware Extension (+50) | C:\Users\nimsa\OneDrive\Documents\Visual Studio\NOVASPHERE\test_folder\project_report_2.docx.locked
[10:19:37] 🚨 HIGH RISK! Process: System Idle Process | Score: 80
[10:19:38] [RULE 1] High Activity (+30) | System Idle Process | Events: 37
[10:19:38] [RULE 4] Renamed to Ransomware Ext (+45)
[10:19:38] [RULE 1] High Activity (+30) | System Idle Process | Events: 38
[10:19:38] [RULE 2] Ransomware Extension (+50) | C:\Users\nimsa\OneDrive\Documents\Visual Studio\NOVASPHERE\test_folder\project_report_1.docx.locked
[10:19:38] 🚨 HIGH RISK! Process: System Idle Process | Score: 155
[10:19:38] [RULE 1] High Activity (+30) | System Idle Process | Events: 39
[10:19:38] [RULE 2] Ransomware Extension (+50) | C:\Users\nimsa\OneDrive\Documents\Visual Studio\NOVASPHERE\test_folder\project_report_1.docx.locked
[10:19:38] 🚨 HIGH RISK! Process: System Idle Process | Score: 80
[10:19:38] [RULE 1] High Activity (+30) | System Idle Process | Events: 40
[10:19:38] [RULE 4] Renamed to Ransomware Ext (+45)
[10:19:38] [RULE 1] High Activity (+30) | System Idle Process | Events: 41
[10:19:38] [RULE 2] Ransomware Extension (+50) | C:\Users\nimsa\OneDrive\Documents\Visual Studio\NOVASPHERE\test_folder\project_report_3.docx.locked
[10:19:38] 🚨 HIGH RISK! Process: System Idle Process | Score: 155
[10:19:38] [RULE 1] High Activity (+30) | System Idle Process | Events: 42
[10:19:38] [RULE 2] Ransomware Extension (+50) | C:\Users\nimsa\OneDrive\Documents\Visual Studio\NOVASPHERE\test_folder\project_report_3.docx.locked
[10:19:38] 🚨 HIGH RISK! Process: System Idle Process | Score: 80
[10:20:10] [RULE 1] High Activity (+30) | System Idle Process | Events: 43
[10:20:10] [RULE 1] High Activity (+30) | System Idle Process | Events: 44
[10:20:11] [RULE 1] High Activity (+30) | System Idle Process | Events: 45
[10:20:11] 🚨 HIGH RISK! Process: System Idle Process | Score: 90
[10:20:11] [RULE 1] High Activity (+30) | System Idle Process | Events: 46
[10:20:11] [RULE 1] High Activity (+30) | System Idle Process | Events: 47
[10:20:11] [RULE 1] High Activity (+30) | System Idle Process | Events: 48
[10:20:11] 🚨 HIGH RISK! Process: System Idle Process | Score: 90
[10:20:11] [RULE 1] High Activity (+30) | System Idle Process | Events: 49
[10:20:11] [RULE 1] High Activity (+30) | System Idle Process | Events: 50
[10:20:11] [RULE 1] High Activity (+30) | System Idle Process | Events: 51
[10:20:11] 🚨 HIGH RISK! Process: System Idle Process | Score: 90
[10:20:11] [RULE 1] High Activity (+30) | System Idle Process | Events: 52
[10:20:11] [RULE 1] High Activity (+30) | System Idle Process | Events: 53
[10:20:11] [RULE 1] High Activity (+30) | System Idle Process | Events: 54
[10:20:11] 🚨 HIGH RISK! Process: System Idle Process | Score: 90
[10:20:11] [RULE 1] High Activity (+30) | System Idle Process | Events: 55
[10:20:11] [RULE 1] High Activity (+30) | System Idle Process | Events: 56
[10:20:11] [RULE 1] High Activity (+30) | System Idle Process | Events: 57
[10:20:11] 🚨 HIGH RISK! Process: System Idle Process | Score: 90
[10:20:11] [RULE 1] High Activity (+30) | System Idle Process | Events: 58
[10:20:11] [RULE 1] High Activity (+30) | System Idle Process | Events: 59
[10:20:11] [RULE 1] High Activity (+30) | System Idle Process | Events: 60
[10:20:11] 🚨 HIGH RISK! Process: System Idle Process | Score: 90
[10:20:11] [RULE 1] High Activity (+30) | System Idle Process | Events: 61
[10:20:11] [RULE 1] High Activity (+30) | System Idle Process | Events: 62
[10:20:11] [RULE 1] High Activity (+30) | System Idle Process | Events: 63
[10:20:11] 🚨 HIGH RISK! Process: System Idle Process | Score: 90
[10:20:11] [RULE 1] High Activity (+30) | System Idle Process | Events: 64
[10:20:11] [RULE 1] High Activity (+30) | System Idle Process | Events: 65
[10:20:11] [RULE 1] High Activity (+30) | System Idle Process | Events: 66
[10:20:11] 🚨 HIGH RISK! Process: System Idle Process | Score: 90
[10:20:11] [RULE 1] High Activity (+30) | System Idle Process | Events: 67
[10:20:11] [RULE 1] High Activity (+30) | System Idle Process | Events: 68
[10:20:11] [RULE 1] High Activity (+30) | System Idle Process | Events: 69
[10:20:11] 🚨 HIGH RISK! Process: System Idle Process | Score: 90
[10:20:11] [RULE 1] High Activity (+30) | System Idle Process | Events: 70
[10:20:11] [RULE 1] High Activity (+30) | System Idle Process | Events: 71
[10:20:12] [RULE 1] High Activity (+30) | System Idle Process | Events: 72
[10:20:12] 🚨 HIGH RISK! Process: System Idle Process | Score: 90
[10:20:12] [RULE 1] High Activity (+30) | System Idle Process | Events: 73
[10:20:12] [RULE 1] High Activity (+30) | System Idle Process | Events: 74
[10:20:12] [RULE 1] High Activity (+30) | System Idle Process | Events: 75
[10:20:12] 🚨 HIGH RISK! Process: System Idle Process | Score: 90
[10:20:12] [RULE 1] High Activity (+30) | System Idle Process | Events: 76
[10:20:12] [RULE 1] High Activity (+30) | System Idle Process | Events: 77
[10:20:13] [RULE 1] High Activity (+30) | System Idle Process | Events: 78
[10:20:13] [RULE 4] Renamed to Ransomware Ext (+45)
[10:20:13] 🚨 HIGH RISK! Process: System Idle Process | Score: 135
[10:20:13] [RULE 1] High Activity (+30) | System Idle Process | Events: 79
[10:20:13] [RULE 2] Ransomware Extension (+50) | C:\Users\nimsa\OneDrive\Documents\Visual Studio\NOVASPHERE\test_folder\project_report_1.docx.locked
[10:20:13] 🚨 HIGH RISK! Process: System Idle Process | Score: 80
[10:20:13] [RULE 1] High Activity (+30) | System Idle Process | Events: 80
[10:20:13] [RULE 2] Ransomware Extension (+50) | C:\Users\nimsa\OneDrive\Documents\Visual Studio\NOVASPHERE\test_folder\project_report_1.docx.locked
[10:20:13] 🚨 HIGH RISK! Process: System Idle Process | Score: 80
[10:20:45] [RULE 1] High Activity (+30) | System Idle Process | Events: 39
[10:20:45] [RULE 1] High Activity (+30) | System Idle Process | Events: 40
[10:20:45] [RULE 1] High Activity (+30) | System Idle Process | Events: 41
[10:20:45] [RULE 1] High Activity (+30) | System Idle Process | Events: 42
[10:20:45] 🚨 HIGH RISK! Process: System Idle Process | Score: 95
[10:20:45] [RULE 1] High Activity (+30) | System Idle Process | Events: 43
[10:20:46] [RULE 1] High Activity (+30) | System Idle Process | Events: 44
[10:20:46] [RULE 1] High Activity (+30) | System Idle Process | Events: 45
[10:20:46] 🚨 HIGH RISK! Process: System Idle Process | Score: 90
[10:20:46] [RULE 1] High Activity (+30) | System Idle Process | Events: 46
[10:20:46] [RULE 1] High Activity (+30) | System Idle Process | Events: 47
[10:20:46] [RULE 1] High Activity (+30) | System Idle Process | Events: 48
[10:20:46] 🚨 HIGH RISK! Process: System Idle Process | Score: 90
[10:20:46] [RULE 1] High Activity (+30) | System Idle Process | Events: 49
[10:20:46] [RULE 1] High Activity (+30) | System Idle Process | Events: 50
[10:20:46] [RULE 1] High Activity (+30) | System Idle Process | Events: 51
[10:20:46] 🚨 HIGH RISK! Process: System Idle Process | Score: 90
[10:20:46] [RULE 1] High Activity (+30) | System Idle Process | Events: 52
[10:20:46] [RULE 1] High Activity (+30) | System Idle Process | Events: 53
[10:20:46] [RULE 1] High Activity (+30) | System Idle Process | Events: 54
[10:20:46] 🚨 HIGH RISK! Process: System Idle Process | Score: 90
[10:20:46] [RULE 1] High Activity (+30) | System Idle Process | Events: 55
[10:20:46] [RULE 1] High Activity (+30) | System Idle Process | Events: 56
[10:20:46] [RULE 1] High Activity (+30) | System Idle Process | Events: 57
[10:20:46] 🚨 HIGH RISK! Process: System Idle Process | Score: 90
[10:20:46] [RULE 1] High Activity (+30) | System Idle Process | Events: 58
[10:20:46] [RULE 1] High Activity (+30) | System Idle Process | Events: 59
[10:20:46] [RULE 1] High Activity (+30) | System Idle Process | Events: 60
[10:20:46] 🚨 HIGH RISK! Process: System Idle Process | Score: 90
[10:20:46] [RULE 1] High Activity (+30) | System Idle Process | Events: 61
[10:20:46] [RULE 1] High Activity (+30) | System Idle Process | Events: 62
[10:20:46] [RULE 1] High Activity (+30) | System Idle Process | Events: 63
[10:20:46] 🚨 HIGH RISK! Process: System Idle Process | Score: 90
[10:20:46] [RULE 1] High Activity (+30) | System Idle Process | Events: 64
[10:20:46] [RULE 1] High Activity (+30) | System Idle Process | Events: 65
[10:20:46] [RULE 1] High Activity (+30) | System Idle Process | Events: 66
[10:20:46] 🚨 HIGH RISK! Process: System Idle Process | Score: 90
[10:20:46] [RULE 1] High Activity (+30) | System Idle Process | Events: 67
[10:20:46] [RULE 1] High Activity (+30) | System Idle Process | Events: 68
[10:20:46] [RULE 1] High Activity (+30) | System Idle Process | Events: 69
[10:20:46] 🚨 HIGH RISK! Process: System Idle Process | Score: 90
[10:20:46] [RULE 1] High Activity (+30) | System Idle Process | Events: 70
[10:20:46] [RULE 1] High Activity (+30) | System Idle Process | Events: 71
[10:20:46] [RULE 1] High Activity (+30) | System Idle Process | Events: 72
[10:20:46] 🚨 HIGH RISK! Process: System Idle Process | Score: 90
[10:20:47] [RULE 1] High Activity (+30) | System Idle Process | Events: 73
[10:20:48] [RULE 1] High Activity (+30) | System Idle Process | Events: 74
[10:20:48] [RULE 4] Renamed to Ransomware Ext (+45)
[10:20:48] 🚨 HIGH RISK! Process: System Idle Process | Score: 105
[10:20:48] [RULE 1] High Activity (+30) | System Idle Process | Events: 75
[10:20:48] [RULE 2] Ransomware Extension (+50) | C:\Users\nimsa\OneDrive\Documents\Visual Studio\NOVASPHERE\test_folder\project_report_1.docx.locked
[10:20:48] 🚨 HIGH RISK! Process: System Idle Process | Score: 80
[10:20:48] [RULE 1] High Activity (+30) | System Idle Process | Events: 76
[10:20:48] [RULE 2] Ransomware Extension (+50) | C:\Users\nimsa\OneDrive\Documents\Visual Studio\NOVASPHERE\test_folder\project_report_1.docx.locked
[10:20:48] 🚨 HIGH RISK! Process: System Idle Process | Score: 80
[10:25:07] [RULE 1] High Activity (+30) | System Idle Process | Events: 6
[10:25:07] [RULE 1] High Activity (+30) | System Idle Process | Events: 7
[10:25:07] [RULE 1] High Activity (+30) | System Idle Process | Events: 8
[10:25:07] 🚨 HIGH RISK! Process: System Idle Process | Score: 90
[10:25:07] 🚨 HIGH RISK DETECTED! Process: System Idle Process | Score: 90
[10:25:07] [RULE 1] High Activity (+30) | System Idle Process | Events: 9
[10:25:07] [RULE 1] High Activity (+30) | System Idle Process | Events: 10
[10:25:07] [RULE 1] High Activity (+30) | System Idle Process | Events: 11
[10:25:07] 🚨 HIGH RISK! Process: System Idle Process | Score: 90
[10:25:07] 🚨 HIGH RISK DETECTED! Process: System Idle Process | Score: 90
[10:25:07] [RULE 1] High Activity (+30) | System Idle Process | Events: 12
[10:25:07] [RULE 1] High Activity (+30) | System Idle Process | Events: 13
[10:25:07] [RULE 1] High Activity (+30) | System Idle Process | Events: 14
[10:25:07] 🚨 HIGH RISK! Process: System Idle Process | Score: 90
[10:25:07] 🚨 HIGH RISK DETECTED! Process: System Idle Process | Score: 90
[10:25:07] [RULE 1] High Activity (+30) | System Idle Process | Events: 15
[10:25:07] [RULE 1] High Activity (+30) | System Idle Process | Events: 16
[10:25:07] [RULE 1] High Activity (+30) | System Idle Process | Events: 17
[10:25:07] 🚨 HIGH RISK! Process: System Idle Process | Score: 90
[10:25:07] 🚨 HIGH RISK DETECTED! Process: System Idle Process | Score: 90
[10:25:07] [RULE 1] High Activity (+30) | System Idle Process | Events: 18
[10:25:07] [RULE 1] High Activity (+30) | System Idle Process | Events: 19
[10:25:07] [RULE 1] High Activity (+30) | System Idle Process | Events: 20
[10:25:07] 🚨 HIGH RISK! Process: System Idle Process | Score: 90
[10:25:07] 🚨 HIGH RISK DETECTED! Process: System Idle Process | Score: 90
[10:25:07] [RULE 1] High Activity (+30) | System Idle Process | Events: 21
[10:25:08] [RULE 1] High Activity (+30) | System Idle Process | Events: 22
[10:25:08] [RULE 1] High Activity (+30) | System Idle Process | Events: 23
[10:25:08] 🚨 HIGH RISK! Process: System Idle Process | Score: 90
[10:25:08] 🚨 HIGH RISK DETECTED! Process: System Idle Process | Score: 90
[10:25:08] [RULE 1] High Activity (+30) | System Idle Process | Events: 24
[10:25:08] [RULE 1] High Activity (+30) | System Idle Process | Events: 25
[10:25:08] [RULE 1] High Activity (+30) | System Idle Process | Events: 26
[10:25:08] 🚨 HIGH RISK! Process: System Idle Process | Score: 90
[10:25:08] 🚨 HIGH RISK DETECTED! Process: System Idle Process | Score: 90
[10:25:08] [RULE 1] High Activity (+30) | System Idle Process | Events: 27
[10:25:08] [RULE 1] High Activity (+30) | System Idle Process | Events: 28
[10:25:08] [RULE 1] High Activity (+30) | System Idle Process | Events: 29
[10:25:08] 🚨 HIGH RISK! Process: System Idle Process | Score: 90
[10:25:08] 🚨 HIGH RISK DETECTED! Process: System Idle Process | Score: 90
[10:25:08] [RULE 1] High Activity (+30) | System Idle Process | Events: 30
[10:25:08] [RULE 1] High Activity (+30) | System Idle Process | Events: 31
[10:25:08] [RULE 1] High Activity (+30) | System Idle Process | Events: 32
[10:25:08] 🚨 HIGH RISK! Process: System Idle Process | Score: 90
[10:25:08] 🚨 HIGH RISK DETECTED! Process: System Idle Process | Score: 90
[10:25:08] [RULE 1] High Activity (+30) | System Idle Process | Events: 33
[10:25:09] [RULE 1] High Activity (+30) | System Idle Process | Events: 34
[10:25:09] [RULE 4] Renamed to Ransomware Ext (+45)
[10:25:09] 🚨 HIGH RISK! Process: System Idle Process | Score: 105
[10:25:09] 🚨 HIGH RISK DETECTED! Process: System Idle Process | Score: 105
[10:25:09] [RULE 1] High Activity (+30) | System Idle Process | Events: 35
[10:25:09] [RULE 2] Ransomware Extension (+50) | C:\Users\nimsa\OneDrive\Documents\Visual Studio\NOVASPHERE\test_folder\project_report_1.docx.locked
[10:25:09] 🚨 HIGH RISK! Process: System Idle Process | Score: 80
[10:25:10] 🚨 HIGH RISK DETECTED! Process: System Idle Process | Score: 80
[10:25:10] [RULE 1] High Activity (+30) | System Idle Process | Events: 36
[10:25:10] [RULE 2] Ransomware Extension (+50) | C:\Users\nimsa\OneDrive\Documents\Visual Studio\NOVASPHERE\test_folder\project_report_1.docx.locked
[10:25:10] 🚨 HIGH RISK! Process: System Idle Process | Score: 80
[10:25:10] 🚨 HIGH RISK DETECTED! Process: System Idle Process | Score: 80
[10:25:10] [RULE 1] High Activity (+30) | System Idle Process | Events: 37
[10:25:10] [RULE 4] Renamed to Ransomware Ext (+45)
[10:25:10] [RULE 1] High Activity (+30) | System Idle Process | Events: 38
[10:25:10] [RULE 2] Ransomware Extension (+50) | C:\Users\nimsa\OneDrive\Documents\Visual Studio\NOVASPHERE\test_folder\project_report_3.docx.locked
[10:25:10] 🚨 HIGH RISK! Process: System Idle Process | Score: 155
[10:25:10] 🚨 HIGH RISK DETECTED! Process: System Idle Process | Score: 155
[10:25:10] [RULE 1] High Activity (+30) | System Idle Process | Events: 39
[10:25:10] [RULE 2] Ransomware Extension (+50) | C:\Users\nimsa\OneDrive\Documents\Visual Studio\NOVASPHERE\test_folder\project_report_3.docx.locked
[10:25:10] 🚨 HIGH RISK! Process: System Idle Process | Score: 80
[10:25:10] 🚨 HIGH RISK DETECTED! Process: System Idle Process | Score: 80
[10:25:10] [RULE 1] High Activity (+30) | System Idle Process | Events: 40
[10:25:10] [RULE 4] Renamed to Ransomware Ext (+45)
[10:25:11] [RULE 1] High Activity (+30) | System Idle Process | Events: 41
[10:25:11] [RULE 2] Ransomware Extension (+50) | C:\Users\nimsa\OneDrive\Documents\Visual Studio\NOVASPHERE\test_folder\project_report_2.docx.locked
[10:25:11] 🚨 HIGH RISK! Process: System Idle Process | Score: 155
[10:25:11] 🚨 HIGH RISK DETECTED! Process: System Idle Process | Score: 155
[10:25:11] [RULE 1] High Activity (+30) | System Idle Process | Events: 42
[10:25:11] [RULE 2] Ransomware Extension (+50) | C:\Users\nimsa\OneDrive\Documents\Visual Studio\NOVASPHERE\test_folder\project_report_2.docx.locked
[10:25:11] 🚨 HIGH RISK! Process: System Idle Process | Score: 80
[10:25:11] 🚨 HIGH RISK DETECTED! Process: System Idle Process | Score: 80
[10:25:42] [RULE 1] High Activity (+30) | System Idle Process | Events: 43
[10:25:42] [RULE 1] High Activity (+30) | System Idle Process | Events: 44
[10:25:43] [RULE 1] High Activity (+30) | System Idle Process | Events: 45
[10:25:43] 🚨 HIGH RISK! Process: System Idle Process | Score: 90
[10:25:43] 🚨 HIGH RISK DETECTED! Process: System Idle Process | Score: 90
[10:25:43] [RULE 1] High Activity (+30) | System Idle Process | Events: 46
[10:25:43] [RULE 1] High Activity (+30) | System Idle Process | Events: 47
[10:25:43] [RULE 1] High Activity (+30) | System Idle Process | Events: 48
[10:25:43] 🚨 HIGH RISK! Process: System Idle Process | Score: 90
[10:25:43] 🚨 HIGH RISK DETECTED! Process: System Idle Process | Score: 90
[10:25:43] [RULE 1] High Activity (+30) | System Idle Process | Events: 49
[10:25:43] [RULE 1] High Activity (+30) | System Idle Process | Events: 50
[10:25:43] [RULE 1] High Activity (+30) | System Idle Process | Events: 51
[10:25:43] 🚨 HIGH RISK! Process: System Idle Process | Score: 90
[10:25:43] 🚨 HIGH RISK DETECTED! Process: System Idle Process | Score: 90
[10:25:43] [RULE 1] High Activity (+30) | System Idle Process | Events: 52
[10:25:43] [RULE 1] High Activity (+30) | System Idle Process | Events: 53
[10:25:43] [RULE 1] High Activity (+30) | System Idle Process | Events: 54
[10:25:43] 🚨 HIGH RISK! Process: System Idle Process | Score: 90
[10:25:43] 🚨 HIGH RISK DETECTED! Process: System Idle Process | Score: 90
[10:25:43] [RULE 1] High Activity (+30) | System Idle Process | Events: 55
[10:25:43] [RULE 1] High Activity (+30) | System Idle Process | Events: 56
[10:25:43] [RULE 1] High Activity (+30) | System Idle Process | Events: 57
[10:25:43] 🚨 HIGH RISK! Process: System Idle Process | Score: 90
[10:25:43] 🚨 HIGH RISK DETECTED! Process: System Idle Process | Score: 90
[10:25:43] [RULE 1] High Activity (+30) | System Idle Process | Events: 58
[10:25:43] [RULE 1] High Activity (+30) | System Idle Process | Events: 59
[10:25:43] [RULE 1] High Activity (+30) | System Idle Process | Events: 60
[10:25:43] 🚨 HIGH RISK! Process: System Idle Process | Score: 90
[10:25:43] 🚨 HIGH RISK DETECTED! Process: System Idle Process | Score: 90
[10:25:43] [RULE 1] High Activity (+30) | System Idle Process | Events: 61
[10:25:43] [RULE 1] High Activity (+30) | System Idle Process | Events: 62
[10:25:43] [RULE 1] High Activity (+30) | System Idle Process | Events: 63
[10:25:43] 🚨 HIGH RISK! Process: System Idle Process | Score: 90
[10:25:43] 🚨 HIGH RISK DETECTED! Process: System Idle Process | Score: 90
[10:25:43] [RULE 1] High Activity (+30) | System Idle Process | Events: 64
[10:25:43] [RULE 1] High Activity (+30) | System Idle Process | Events: 65
[10:25:43] [RULE 1] High Activity (+30) | System Idle Process | Events: 66
[10:25:43] 🚨 HIGH RISK! Process: System Idle Process | Score: 90
[10:25:43] 🚨 HIGH RISK DETECTED! Process: System Idle Process | Score: 90
[10:25:43] [RULE 1] High Activity (+30) | System Idle Process | Events: 67
[10:25:43] [RULE 1] High Activity (+30) | System Idle Process | Events: 68
[10:25:43] [RULE 1] High Activity (+30) | System Idle Process | Events: 69
[10:25:43] 🚨 HIGH RISK! Process: System Idle Process | Score: 90
[10:25:43] 🚨 HIGH RISK DETECTED! Process: System Idle Process | Score: 90
[10:25:43] [RULE 1] High Activity (+30) | System Idle Process | Events: 70
[10:25:43] [RULE 1] High Activity (+30) | System Idle Process | Events: 71
[10:25:44] [RULE 1] High Activity (+30) | System Idle Process | Events: 72
[10:25:44] 🚨 HIGH RISK! Process: System Idle Process | Score: 90
[10:25:44] 🚨 HIGH RISK DETECTED! Process: System Idle Process | Score: 90
[10:25:44] [RULE 1] High Activity (+30) | System Idle Process | Events: 73
[10:25:44] [RULE 1] High Activity (+30) | System Idle Process | Events: 74
[10:25:44] [RULE 1] High Activity (+30) | System Idle Process | Events: 75
[10:25:44] 🚨 HIGH RISK! Process: System Idle Process | Score: 90
[10:25:44] 🚨 HIGH RISK DETECTED! Process: System Idle Process | Score: 90
[10:25:44] [RULE 1] High Activity (+30) | System Idle Process | Events: 76
[10:25:44] [RULE 1] High Activity (+30) | System Idle Process | Events: 77
[10:25:45] [RULE 1] High Activity (+30) | System Idle Process | Events: 78
[10:25:45] [RULE 4] Renamed to Ransomware Ext (+45)
[10:25:45] 🚨 HIGH RISK! Process: System Idle Process | Score: 135
[10:25:45] 🚨 HIGH RISK DETECTED! Process: System Idle Process | Score: 135
[10:25:45] [RULE 1] High Activity (+30) | System Idle Process | Events: 79
[10:25:45] [RULE 2] Ransomware Extension (+50) | C:\Users\nimsa\OneDrive\Documents\Visual Studio\NOVASPHERE\test_folder\project_report_1.docx.locked
[10:25:45] 🚨 HIGH RISK! Process: System Idle Process | Score: 80
[10:25:45] 🚨 HIGH RISK DETECTED! Process: System Idle Process | Score: 80
[10:25:45] [RULE 1] High Activity (+30) | System Idle Process | Events: 80
[10:25:45] [RULE 2] Ransomware Extension (+50) | C:\Users\nimsa\OneDrive\Documents\Visual Studio\NOVASPHERE\test_folder\project_report_1.docx.locked
[10:25:45] 🚨 HIGH RISK! Process: System Idle Process | Score: 80
[10:25:45] 🚨 HIGH RISK DETECTED! Process: System Idle Process | Score: 80
[10:26:19] [RULE 1] High Activity (+30) | System Idle Process | Events: 39
[10:26:19] [RULE 1] High Activity (+30) | System Idle Process | Events: 40
[10:26:19] [RULE 1] High Activity (+30) | System Idle Process | Events: 41
[10:26:19] [RULE 1] High Activity (+30) | System Idle Process | Events: 42
[10:26:19] 🚨 HIGH RISK! Process: System Idle Process | Score: 95
[10:26:19] 🚨 HIGH RISK DETECTED! Process: System Idle Process | Score: 95
[10:26:19] [RULE 1] High Activity (+30) | System Idle Process | Events: 43
[10:26:19] [RULE 1] High Activity (+30) | System Idle Process | Events: 44
[10:26:19] [RULE 1] High Activity (+30) | System Idle Process | Events: 45
[10:26:19] 🚨 HIGH RISK! Process: System Idle Process | Score: 90
[10:26:19] 🚨 HIGH RISK DETECTED! Process: System Idle Process | Score: 90
[10:26:19] [RULE 1] High Activity (+30) | System Idle Process | Events: 46
[10:26:19] [RULE 1] High Activity (+30) | System Idle Process | Events: 47
[10:26:19] [RULE 1] High Activity (+30) | System Idle Process | Events: 48
[10:26:19] 🚨 HIGH RISK! Process: System Idle Process | Score: 90
[10:26:19] 🚨 HIGH RISK DETECTED! Process: System Idle Process | Score: 90
[10:26:19] [RULE 1] High Activity (+30) | System Idle Process | Events: 49
[10:26:19] [RULE 1] High Activity (+30) | System Idle Process | Events: 50
[10:26:19] [RULE 1] High Activity (+30) | System Idle Process | Events: 51
[10:26:19] 🚨 HIGH RISK! Process: System Idle Process | Score: 90
[10:26:19] 🚨 HIGH RISK DETECTED! Process: System Idle Process | Score: 90
[10:26:19] [RULE 1] High Activity (+30) | System Idle Process | Events: 52
[10:26:20] [RULE 1] High Activity (+30) | System Idle Process | Events: 53
[10:26:20] [RULE 1] High Activity (+30) | System Idle Process | Events: 54
[10:26:20] 🚨 HIGH RISK! Process: System Idle Process | Score: 90
[10:26:20] 🚨 HIGH RISK DETECTED! Process: System Idle Process | Score: 90
[10:26:20] [RULE 1] High Activity (+30) | System Idle Process | Events: 55
[10:26:20] [RULE 1] High Activity (+30) | System Idle Process | Events: 56
[10:26:20] [RULE 1] High Activity (+30) | System Idle Process | Events: 57
[10:26:20] 🚨 HIGH RISK! Process: System Idle Process | Score: 90
[10:26:20] 🚨 HIGH RISK DETECTED! Process: System Idle Process | Score: 90
[10:26:20] [RULE 1] High Activity (+30) | System Idle Process | Events: 58
[10:26:20] [RULE 1] High Activity (+30) | System Idle Process | Events: 59
[10:26:20] [RULE 1] High Activity (+30) | System Idle Process | Events: 60
[10:26:20] 🚨 HIGH RISK! Process: System Idle Process | Score: 90
[10:26:20] 🚨 HIGH RISK DETECTED! Process: System Idle Process | Score: 90
[10:26:20] [RULE 1] High Activity (+30) | System Idle Process | Events: 61
[10:26:20] [RULE 1] High Activity (+30) | System Idle Process | Events: 62
[10:26:20] [RULE 1] High Activity (+30) | System Idle Process | Events: 63
[10:26:20] 🚨 HIGH RISK! Process: System Idle Process | Score: 90
[10:26:20] 🚨 HIGH RISK DETECTED! Process: System Idle Process | Score: 90
[10:26:20] [RULE 1] High Activity (+30) | System Idle Process | Events: 64
[10:26:20] [RULE 1] High Activity (+30) | System Idle Process | Events: 65
[10:26:20] [RULE 1] High Activity (+30) | System Idle Process | Events: 66
[10:26:20] 🚨 HIGH RISK! Process: System Idle Process | Score: 90
[10:26:20] 🚨 HIGH RISK DETECTED! Process: System Idle Process | Score: 90
[10:26:20] [RULE 1] High Activity (+30) | System Idle Process | Events: 67
[10:26:20] [RULE 1] High Activity (+30) | System Idle Process | Events: 68
[10:26:20] [RULE 1] High Activity (+30) | System Idle Process | Events: 69
[10:26:20] 🚨 HIGH RISK! Process: System Idle Process | Score: 90
[10:26:20] 🚨 HIGH RISK DETECTED! Process: System Idle Process | Score: 90
[10:26:20] [RULE 1] High Activity (+30) | System Idle Process | Events: 70
[10:26:20] [RULE 1] High Activity (+30) | System Idle Process | Events: 71
[10:26:20] [RULE 1] High Activity (+30) | System Idle Process | Events: 72
[10:26:20] 🚨 HIGH RISK! Process: System Idle Process | Score: 90
[10:26:20] 🚨 HIGH RISK DETECTED! Process: System Idle Process | Score: 90
[10:26:20] [RULE 1] High Activity (+30) | System Idle Process | Events: 73
[10:26:22] [RULE 1] High Activity (+30) | System Idle Process | Events: 74
[10:26:22] [RULE 4] Renamed to Ransomware Ext (+45)
[10:26:22] 🚨 HIGH RISK! Process: System Idle Process | Score: 105
[10:26:22] 🚨 HIGH RISK DETECTED! Process: System Idle Process | Score: 105
[10:26:22] [RULE 1] High Activity (+30) | System Idle Process | Events: 75
[10:26:22] [RULE 2] Ransomware Extension (+50) | C:\Users\nimsa\OneDrive\Documents\Visual Studio\NOVASPHERE\test_folder\project_report_1.docx.locked
[10:26:22] 🚨 HIGH RISK! Process: System Idle Process | Score: 80
[10:26:22] 🚨 HIGH RISK DETECTED! Process: System Idle Process | Score: 80
[10:26:22] [RULE 1] High Activity (+30) | System Idle Process | Events: 76
[10:26:22] [RULE 2] Ransomware Extension (+50) | C:\Users\nimsa\OneDrive\Documents\Visual Studio\NOVASPHERE\test_folder\project_report_1.docx.locked
[10:26:22] 🚨 HIGH RISK! Process: System Idle Process | Score: 80
[10:26:22] 🚨 HIGH RISK DETECTED! Process: System Idle Process | Score: 80
[10:28:13] [RULE 1] High Activity (+30) | System Idle Process | Events: 6
[10:28:13] [RULE 1] High Activity (+30) | System Idle Process | Events: 7
[10:28:13] [RULE 1] High Activity (+30) | System Idle Process | Events: 8
[10:28:13] 🚨 HIGH RISK! Process: System Idle Process | Score: 90
[10:28:13] 🚨 HIGH RISK DETECTED! Process: System Idle Process | Score: 90
[10:28:13] [RULE 1] High Activity (+30) | System Idle Process | Events: 9
[10:28:13] [RULE 1] High Activity (+30) | System Idle Process | Events: 10
[10:28:13] [RULE 1] High Activity (+30) | System Idle Process | Events: 11
[10:28:13] 🚨 HIGH RISK! Process: System Idle Process | Score: 90
[10:28:13] 🚨 HIGH RISK DETECTED! Process: System Idle Process | Score: 90
[10:28:13] [RULE 1] High Activity (+30) | System Idle Process | Events: 12
[10:28:13] [RULE 1] High Activity (+30) | System Idle Process | Events: 13
[10:28:13] [RULE 1] High Activity (+30) | System Idle Process | Events: 14
[10:28:13] 🚨 HIGH RISK! Process: System Idle Process | Score: 90
[10:28:13] 🚨 HIGH RISK DETECTED! Process: System Idle Process | Score: 90
[10:28:13] [RULE 1] High Activity (+30) | System Idle Process | Events: 15
[10:28:13] [RULE 1] High Activity (+30) | System Idle Process | Events: 16
[10:28:13] [RULE 1] High Activity (+30) | System Idle Process | Events: 17
[10:28:13] 🚨 HIGH RISK! Process: System Idle Process | Score: 90
[10:28:13] 🚨 HIGH RISK DETECTED! Process: System Idle Process | Score: 90
[10:28:13] [RULE 1] High Activity (+30) | System Idle Process | Events: 18
[10:28:13] [RULE 1] High Activity (+30) | System Idle Process | Events: 19
[10:28:13] [RULE 1] High Activity (+30) | System Idle Process | Events: 20
[10:28:13] 🚨 HIGH RISK! Process: System Idle Process | Score: 90
[10:28:13] 🚨 HIGH RISK DETECTED! Process: System Idle Process | Score: 90
[10:28:13] [RULE 1] High Activity (+30) | System Idle Process | Events: 21
[10:28:13] [RULE 1] High Activity (+30) | System Idle Process | Events: 22
[10:28:13] [RULE 1] High Activity (+30) | System Idle Process | Events: 23
[10:28:13] 🚨 HIGH RISK! Process: System Idle Process | Score: 90
[10:28:13] 🚨 HIGH RISK DETECTED! Process: System Idle Process | Score: 90
[10:28:13] [RULE 1] High Activity (+30) | System Idle Process | Events: 24
[10:28:13] [RULE 1] High Activity (+30) | System Idle Process | Events: 25
[10:28:13] [RULE 1] High Activity (+30) | System Idle Process | Events: 26
[10:28:13] 🚨 HIGH RISK! Process: System Idle Process | Score: 90
[10:28:13] 🚨 HIGH RISK DETECTED! Process: System Idle Process | Score: 90
[10:28:13] [RULE 1] High Activity (+30) | System Idle Process | Events: 27
[10:28:13] [RULE 1] High Activity (+30) | System Idle Process | Events: 28
[10:28:13] [RULE 1] High Activity (+30) | System Idle Process | Events: 29
[10:28:13] 🚨 HIGH RISK! Process: System Idle Process | Score: 90
[10:28:13] 🚨 HIGH RISK DETECTED! Process: System Idle Process | Score: 90
[10:28:13] [RULE 1] High Activity (+30) | System Idle Process | Events: 30
[10:28:13] [RULE 1] High Activity (+30) | System Idle Process | Events: 31
[10:28:14] [RULE 1] High Activity (+30) | System Idle Process | Events: 32
[10:28:14] 🚨 HIGH RISK! Process: System Idle Process | Score: 90
[10:28:14] 🚨 HIGH RISK DETECTED! Process: System Idle Process | Score: 90
[10:28:14] [RULE 1] High Activity (+30) | System Idle Process | Events: 33
[10:28:14] [RULE 1] High Activity (+30) | System Idle Process | Events: 34
[10:28:15] [RULE 1] High Activity (+30) | System Idle Process | Events: 35
[10:28:15] [RULE 4] Renamed to Ransomware Ext (+45)
[10:28:15] 🚨 HIGH RISK! Process: System Idle Process | Score: 135
[10:28:15] 🚨 HIGH RISK DETECTED! Process: System Idle Process | Score: 135
[10:28:15] [RULE 1] High Activity (+30) | System Idle Process | Events: 36
[10:28:15] [RULE 2] Ransomware Extension (+50) | C:\Users\nimsa\OneDrive\Documents\Visual Studio\NOVASPHERE\test_folder\project_report_3.docx.locked
[10:28:15] 🚨 HIGH RISK! Process: System Idle Process | Score: 80
[10:28:15] 🚨 HIGH RISK DETECTED! Process: System Idle Process | Score: 80
[10:28:15] [RULE 1] High Activity (+30) | System Idle Process | Events: 37
[10:28:15] [RULE 2] Ransomware Extension (+50) | C:\Users\nimsa\OneDrive\Documents\Visual Studio\NOVASPHERE\test_folder\project_report_3.docx.locked
[10:28:15] 🚨 HIGH RISK! Process: System Idle Process | Score: 80
[10:28:15] 🚨 HIGH RISK DETECTED! Process: System Idle Process | Score: 80
[10:28:16] [RULE 1] High Activity (+30) | System Idle Process | Events: 38
[10:28:16] [RULE 4] Renamed to Ransomware Ext (+45)
[10:28:16] [RULE 1] High Activity (+30) | System Idle Process | Events: 39
[10:28:16] [RULE 2] Ransomware Extension (+50) | C:\Users\nimsa\OneDrive\Documents\Visual Studio\NOVASPHERE\test_folder\project_report_1.docx.locked
[10:28:16] 🚨 HIGH RISK! Process: System Idle Process | Score: 155
[10:28:16] 🚨 HIGH RISK DETECTED! Process: System Idle Process | Score: 155
[10:28:16] [RULE 1] High Activity (+30) | System Idle Process | Events: 40
[10:28:16] [RULE 2] Ransomware Extension (+50) | C:\Users\nimsa\OneDrive\Documents\Visual Studio\NOVASPHERE\test_folder\project_report_1.docx.locked
[10:28:16] 🚨 HIGH RISK! Process: System Idle Process | Score: 80
[10:28:16] 🚨 HIGH RISK DETECTED! Process: System Idle Process | Score: 80
[10:28:16] [RULE 1] High Activity (+30) | System Idle Process | Events: 41
[10:28:16] [RULE 4] Renamed to Ransomware Ext (+45)
[10:28:16] [RULE 1] High Activity (+30) | System Idle Process | Events: 42
[10:28:16] [RULE 2] Ransomware Extension (+50) | C:\Users\nimsa\OneDrive\Documents\Visual Studio\NOVASPHERE\test_folder\project_report_2.docx.locked
[10:28:16] 🚨 HIGH RISK! Process: System Idle Process | Score: 155
[10:28:16] 🚨 HIGH RISK DETECTED! Process: System Idle Process | Score: 155
[10:28:16] [RULE 1] High Activity (+30) | System Idle Process | Events: 43
[10:28:16] [RULE 2] Ransomware Extension (+50) | C:\Users\nimsa\OneDrive\Documents\Visual Studio\NOVASPHERE\test_folder\project_report_2.docx.locked
[10:28:16] 🚨 HIGH RISK! Process: System Idle Process | Score: 80
[10:28:16] 🚨 HIGH RISK DETECTED! Process: System Idle Process | Score: 80
[10:29:16] [RULE 1] High Activity (+30) | System Idle Process | Events: 6
[10:29:16] [RULE 1] High Activity (+30) | System Idle Process | Events: 7
[10:29:16] [RULE 1] High Activity (+30) | System Idle Process | Events: 8
[10:29:16] 🚨 HIGH RISK! Process: System Idle Process | Score: 90
[10:29:16] 🚨 HIGH RISK DETECTED! Process: System Idle Process | Score: 90
[10:29:16] [RULE 1] High Activity (+30) | System Idle Process | Events: 9
[10:29:17] [RULE 1] High Activity (+30) | System Idle Process | Events: 10
[10:29:17] [RULE 1] High Activity (+30) | System Idle Process | Events: 11
[10:29:17] 🚨 HIGH RISK! Process: System Idle Process | Score: 90
[10:29:17] 🚨 HIGH RISK DETECTED! Process: System Idle Process | Score: 90
[10:29:17] [RULE 1] High Activity (+30) | System Idle Process | Events: 12
[10:29:17] [RULE 1] High Activity (+30) | System Idle Process | Events: 13
[10:29:17] [RULE 1] High Activity (+30) | System Idle Process | Events: 14
[10:29:17] 🚨 HIGH RISK! Process: System Idle Process | Score: 90
[10:29:17] 🚨 HIGH RISK DETECTED! Process: System Idle Process | Score: 90
[10:29:17] [RULE 1] High Activity (+30) | System Idle Process | Events: 15
[10:29:17] [RULE 1] High Activity (+30) | System Idle Process | Events: 16
[10:29:17] [RULE 1] High Activity (+30) | System Idle Process | Events: 17
[10:29:17] 🚨 HIGH RISK! Process: System Idle Process | Score: 90
[10:29:17] 🚨 HIGH RISK DETECTED! Process: System Idle Process | Score: 90
[10:29:17] [RULE 1] High Activity (+30) | System Idle Process | Events: 18
[10:29:17] [RULE 1] High Activity (+30) | System Idle Process | Events: 19
[10:29:17] [RULE 1] High Activity (+30) | System Idle Process | Events: 20
[10:29:17] 🚨 HIGH RISK! Process: System Idle Process | Score: 90
[10:29:17] 🚨 HIGH RISK DETECTED! Process: System Idle Process | Score: 90
[10:29:17] [RULE 1] High Activity (+30) | System Idle Process | Events: 21
[10:29:17] [RULE 1] High Activity (+30) | System Idle Process | Events: 22
[10:29:17] [RULE 1] High Activity (+30) | System Idle Process | Events: 23
[10:29:17] 🚨 HIGH RISK! Process: System Idle Process | Score: 90
[10:29:17] 🚨 HIGH RISK DETECTED! Process: System Idle Process | Score: 90
[10:29:17] [RULE 1] High Activity (+30) | System Idle Process | Events: 24
[10:29:17] [RULE 1] High Activity (+30) | System Idle Process | Events: 25
[10:29:17] [RULE 1] High Activity (+30) | System Idle Process | Events: 26
[10:29:17] 🚨 HIGH RISK! Process: System Idle Process | Score: 90
[10:29:17] 🚨 HIGH RISK DETECTED! Process: System Idle Process | Score: 90
[10:29:17] [RULE 1] High Activity (+30) | System Idle Process | Events: 27
[10:29:17] [RULE 1] High Activity (+30) | System Idle Process | Events: 28
[10:29:17] [RULE 1] High Activity (+30) | System Idle Process | Events: 29
[10:29:17] 🚨 HIGH RISK! Process: System Idle Process | Score: 90
[10:29:17] 🚨 HIGH RISK DETECTED! Process: System Idle Process | Score: 90
[10:29:17] [RULE 1] High Activity (+30) | System Idle Process | Events: 30
[10:29:17] [RULE 1] High Activity (+30) | System Idle Process | Events: 31
[10:29:17] [RULE 1] High Activity (+30) | System Idle Process | Events: 32
[10:29:17] 🚨 HIGH RISK! Process: System Idle Process | Score: 90
[10:29:17] 🚨 HIGH RISK DETECTED! Process: System Idle Process | Score: 90
[10:29:17] [RULE 1] High Activity (+30) | System Idle Process | Events: 33
[10:29:19] [RULE 1] High Activity (+30) | System Idle Process | Events: 34
[10:29:19] [RULE 4] Renamed to Ransomware Ext (+45)
[10:29:19] 🚨 HIGH RISK! Process: System Idle Process | Score: 105
[10:29:19] 🚨 HIGH RISK DETECTED! Process: System Idle Process | Score: 105
[10:29:19] [RULE 1] High Activity (+30) | System Idle Process | Events: 35
[10:29:19] [RULE 2] Ransomware Extension (+50) | C:\Users\nimsa\OneDrive\Documents\Visual Studio\NOVASPHERE\test_folder\project_report_3.docx.locked
[10:29:19] 🚨 HIGH RISK! Process: System Idle Process | Score: 80
[10:29:19] 🚨 HIGH RISK DETECTED! Process: System Idle Process | Score: 80
[10:29:19] [RULE 1] High Activity (+30) | System Idle Process | Events: 36
[10:29:19] [RULE 2] Ransomware Extension (+50) | C:\Users\nimsa\OneDrive\Documents\Visual Studio\NOVASPHERE\test_folder\project_report_3.docx.locked
[10:29:19] 🚨 HIGH RISK! Process: System Idle Process | Score: 80
[10:29:19] 🚨 HIGH RISK DETECTED! Process: System Idle Process | Score: 80
[10:29:19] [RULE 1] High Activity (+30) | System Idle Process | Events: 37
[10:29:19] [RULE 4] Renamed to Ransomware Ext (+45)
[10:29:19] [RULE 1] High Activity (+30) | System Idle Process | Events: 38
[10:29:19] [RULE 2] Ransomware Extension (+50) | C:\Users\nimsa\OneDrive\Documents\Visual Studio\NOVASPHERE\test_folder\project_report_1.docx.locked
[10:29:19] 🚨 HIGH RISK! Process: System Idle Process | Score: 155
[10:29:19] 🚨 HIGH RISK DETECTED! Process: System Idle Process | Score: 155
[10:29:19] [RULE 1] High Activity (+30) | System Idle Process | Events: 39
[10:29:19] [RULE 2] Ransomware Extension (+50) | C:\Users\nimsa\OneDrive\Documents\Visual Studio\NOVASPHERE\test_folder\project_report_1.docx.locked
[10:29:19] 🚨 HIGH RISK! Process: System Idle Process | Score: 80
[10:29:19] 🚨 HIGH RISK DETECTED! Process: System Idle Process | Score: 80
[10:29:20] [RULE 1] High Activity (+30) | System Idle Process | Events: 40
[10:29:20] [RULE 4] Renamed to Ransomware Ext (+45)
[10:29:20] [RULE 1] High Activity (+30) | System Idle Process | Events: 41
[10:29:20] [RULE 2] Ransomware Extension (+50) | C:\Users\nimsa\OneDrive\Documents\Visual Studio\NOVASPHERE\test_folder\project_report_2.docx.locked
[10:29:20] 🚨 HIGH RISK! Process: System Idle Process | Score: 155
[10:29:20] 🚨 HIGH RISK DETECTED! Process: System Idle Process | Score: 155
[10:29:20] [RULE 1] High Activity (+30) | System Idle Process | Events: 42
[10:29:20] [RULE 2] Ransomware Extension (+50) | C:\Users\nimsa\OneDrive\Documents\Visual Studio\NOVASPHERE\test_folder\project_report_2.docx.locked
[10:29:20] 🚨 HIGH RISK! Process: System Idle Process | Score: 80
[10:29:20] 🚨 HIGH RISK DETECTED! Process: System Idle Process | Score: 80
[10:29:40] [RULE 1] High Activity (+30) | System Idle Process | Events: 43
[10:29:40] [RULE 1] High Activity (+30) | System Idle Process | Events: 44
[10:29:40] [RULE 1] High Activity (+30) | System Idle Process | Events: 45
[10:29:40] 🚨 HIGH RISK! Process: System Idle Process | Score: 90
[10:29:40] 🚨 HIGH RISK DETECTED! Process: System Idle Process | Score: 90
[10:29:40] [RULE 1] High Activity (+30) | System Idle Process | Events: 46
[10:29:40] [RULE 1] High Activity (+30) | System Idle Process | Events: 47
[10:29:40] [RULE 1] High Activity (+30) | System Idle Process | Events: 48
[10:29:40] 🚨 HIGH RISK! Process: System Idle Process | Score: 90
[10:29:40] 🚨 HIGH RISK DETECTED! Process: System Idle Process | Score: 90
[10:29:40] [RULE 1] High Activity (+30) | System Idle Process | Events: 49
[10:29:40] [RULE 1] High Activity (+30) | System Idle Process | Events: 50
[10:29:40] [RULE 1] High Activity (+30) | System Idle Process | Events: 51
[10:29:40] 🚨 HIGH RISK! Process: System Idle Process | Score: 90
[10:29:40] 🚨 HIGH RISK DETECTED! Process: System Idle Process | Score: 90
[10:29:40] [RULE 1] High Activity (+30) | System Idle Process | Events: 52
[10:29:40] [RULE 1] High Activity (+30) | System Idle Process | Events: 53
[10:29:40] [RULE 1] High Activity (+30) | System Idle Process | Events: 54
[10:29:40] 🚨 HIGH RISK! Process: System Idle Process | Score: 90
[10:29:40] 🚨 HIGH RISK DETECTED! Process: System Idle Process | Score: 90
[10:29:40] [RULE 1] High Activity (+30) | System Idle Process | Events: 55
[10:29:40] [RULE 1] High Activity (+30) | System Idle Process | Events: 56
[10:29:40] [RULE 1] High Activity (+30) | System Idle Process | Events: 57
[10:29:40] 🚨 HIGH RISK! Process: System Idle Process | Score: 90
[10:29:40] 🚨 HIGH RISK DETECTED! Process: System Idle Process | Score: 90
[10:29:40] [RULE 1] High Activity (+30) | System Idle Process | Events: 58
[10:29:40] [RULE 1] High Activity (+30) | System Idle Process | Events: 59
[10:29:40] [RULE 1] High Activity (+30) | System Idle Process | Events: 60
[10:29:40] 🚨 HIGH RISK! Process: System Idle Process | Score: 90
[10:29:40] 🚨 HIGH RISK DETECTED! Process: System Idle Process | Score: 90
[10:29:40] [RULE 1] High Activity (+30) | System Idle Process | Events: 61
[10:29:40] [RULE 1] High Activity (+30) | System Idle Process | Events: 62
[10:29:40] [RULE 1] High Activity (+30) | System Idle Process | Events: 63
[10:29:40] 🚨 HIGH RISK! Process: System Idle Process | Score: 90
[10:29:40] 🚨 HIGH RISK DETECTED! Process: System Idle Process | Score: 90
[10:29:40] [RULE 1] High Activity (+30) | System Idle Process | Events: 64
[10:29:41] [RULE 1] High Activity (+30) | System Idle Process | Events: 65
[10:29:41] [RULE 1] High Activity (+30) | System Idle Process | Events: 66
[10:29:41] 🚨 HIGH RISK! Process: System Idle Process | Score: 90
[10:29:41] 🚨 HIGH RISK DETECTED! Process: System Idle Process | Score: 90
[10:29:41] [RULE 1] High Activity (+30) | System Idle Process | Events: 67
[10:29:41] [RULE 1] High Activity (+30) | System Idle Process | Events: 68
[10:29:41] [RULE 1] High Activity (+30) | System Idle Process | Events: 69
[10:29:41] 🚨 HIGH RISK! Process: System Idle Process | Score: 90
[10:29:41] 🚨 HIGH RISK DETECTED! Process: System Idle Process | Score: 90
[10:29:41] [RULE 1] High Activity (+30) | System Idle Process | Events: 70
[10:29:41] [RULE 1] High Activity (+30) | System Idle Process | Events: 71
[10:29:41] [RULE 1] High Activity (+30) | System Idle Process | Events: 72
[10:29:41] 🚨 HIGH RISK! Process: System Idle Process | Score: 90
[10:29:41] 🚨 HIGH RISK DETECTED! Process: System Idle Process | Score: 90
[10:29:41] [RULE 1] High Activity (+30) | System Idle Process | Events: 73
[10:29:41] [RULE 1] High Activity (+30) | System Idle Process | Events: 74
[10:29:41] [RULE 1] High Activity (+30) | System Idle Process | Events: 75
[10:29:41] 🚨 HIGH RISK! Process: System Idle Process | Score: 90
[10:29:41] 🚨 HIGH RISK DETECTED! Process: System Idle Process | Score: 90
[10:29:41] [RULE 1] High Activity (+30) | System Idle Process | Events: 76
[10:29:41] [RULE 1] High Activity (+30) | System Idle Process | Events: 77
[10:29:43] [RULE 1] High Activity (+30) | System Idle Process | Events: 78
[10:29:43] [RULE 4] Renamed to Ransomware Ext (+45)
[10:29:43] 🚨 HIGH RISK! Process: System Idle Process | Score: 135
[10:29:43] 🚨 HIGH RISK DETECTED! Process: System Idle Process | Score: 135
[10:29:43] [RULE 1] High Activity (+30) | System Idle Process | Events: 79
[10:29:43] [RULE 2] Ransomware Extension (+50) | C:\Users\nimsa\OneDrive\Documents\Visual Studio\NOVASPHERE\test_folder\project_report_1.docx.locked
[10:29:43] 🚨 HIGH RISK! Process: System Idle Process | Score: 80
[10:29:43] 🚨 HIGH RISK DETECTED! Process: System Idle Process | Score: 80
[10:29:43] [RULE 1] High Activity (+30) | System Idle Process | Events: 80
[10:29:43] [RULE 2] Ransomware Extension (+50) | C:\Users\nimsa\OneDrive\Documents\Visual Studio\NOVASPHERE\test_folder\project_report_1.docx.locked
[10:29:43] 🚨 HIGH RISK! Process: System Idle Process | Score: 80
[10:29:43] 🚨 HIGH RISK DETECTED! Process: System Idle Process | Score: 80
[10:31:16] ⚠️ Medium Risk Detected - Score: 70
[10:31:16] 🚨 HIGH RISK DETECTED! Score: 105
[10:31:16] ⚠️ Medium Risk Detected - Score: 70
[10:31:16] 🚨 HIGH RISK DETECTED! Score: 105
[10:31:16] ⚠️ Medium Risk Detected - Score: 70
[10:31:16] 🚨 HIGH RISK DETECTED! Score: 105
[10:31:16] ⚠️ Medium Risk Detected - Score: 70
[10:31:16] 🚨 HIGH RISK DETECTED! Score: 105
[10:31:16] ⚠️ Medium Risk Detected - Score: 70
[10:31:16] 🚨 HIGH RISK DETECTED! Score: 105
[10:31:17] ⚠️ Medium Risk Detected - Score: 70
[10:31:17] 🚨 HIGH RISK DETECTED! Score: 105
[10:31:17] ⚠️ Medium Risk Detected - Score: 70
[10:31:17] 🚨 HIGH RISK DETECTED! Score: 105
[10:31:17] ⚠️ Medium Risk Detected - Score: 70
[10:31:17] 🚨 HIGH RISK DETECTED! Score: 105
[10:31:17] ⚠️ Medium Risk Detected - Score: 70
[10:31:17] 🚨 HIGH RISK DETECTED! Score: 105
[10:31:18] 🚨 HIGH RISK DETECTED! Score: 115
[10:31:18] 🚨 HIGH RISK DETECTED! Score: 90
[10:31:18] 🚨 HIGH RISK DETECTED! Score: 90
[10:31:19] 🚨 HIGH RISK DETECTED! Score: 80
[10:31:19] 🚨 HIGH RISK DETECTED! Score: 90
[10:31:19] 🚨 HIGH RISK DETECTED! Score: 90
[10:31:19] 🚨 HIGH RISK DETECTED! Score: 80
[10:31:19] 🚨 HIGH RISK DETECTED! Score: 90
[10:31:19] 🚨 HIGH RISK DETECTED! Score: 90
[10:33:07] ⚠️ Medium Risk Detected - Score: 70
[10:33:07] 🚨 HIGH RISK DETECTED! Score: 105
[10:33:07] ⚠️ Medium Risk Detected - Score: 70
[10:33:07] 🚨 HIGH RISK DETECTED! Score: 105
[10:33:07] ⚠️ Medium Risk Detected - Score: 70
[10:33:07] 🚨 HIGH RISK DETECTED! Score: 105
[10:33:07] ⚠️ Medium Risk Detected - Score: 70
[10:33:07] 🚨 HIGH RISK DETECTED! Score: 105
[10:33:07] ⚠️ Medium Risk Detected - Score: 70
[10:33:07] 🚨 HIGH RISK DETECTED! Score: 105
[10:33:07] ⚠️ Medium Risk Detected - Score: 70
[10:33:07] 🚨 HIGH RISK DETECTED! Score: 105
[10:33:07] ⚠️ Medium Risk Detected - Score: 70
[10:33:07] 🚨 HIGH RISK DETECTED! Score: 105
[10:33:07] ⚠️ Medium Risk Detected - Score: 70
[10:33:07] 🚨 HIGH RISK DETECTED! Score: 105
[10:33:07] ⚠️ Medium Risk Detected - Score: 70
[10:33:07] 🚨 HIGH RISK DETECTED! Score: 105
[10:33:09] 🚨 HIGH RISK DETECTED! Score: 115
[10:33:09] 🚨 HIGH RISK DETECTED! Score: 90
[10:33:09] 🚨 HIGH RISK DETECTED! Score: 90
[10:33:10] 🚨 HIGH RISK DETECTED! Score: 80
[10:33:10] 🚨 HIGH RISK DETECTED! Score: 90
[10:33:10] 🚨 HIGH RISK DETECTED! Score: 90
[10:33:10] 🚨 HIGH RISK DETECTED! Score: 80
[10:33:10] 🚨 HIGH RISK DETECTED! Score: 90
[10:33:10] 🚨 HIGH RISK DETECTED! Score: 90
[10:34:59] ⚠️ Medium Risk Detected - Score: 70
[10:34:59] 🚨 HIGH RISK DETECTED! Score: 105
[10:34:59] ⚠️ Medium Risk Detected - Score: 70
[10:34:59] 🚨 HIGH RISK DETECTED! Score: 105
[10:34:59] ⚠️ Medium Risk Detected - Score: 70
[10:34:59] 🚨 HIGH RISK DETECTED! Score: 105
[10:34:59] ⚠️ Medium Risk Detected - Score: 70
[10:34:59] 🚨 HIGH RISK DETECTED! Score: 105
[10:35:00] ⚠️ Medium Risk Detected - Score: 70
[10:35:00] 🚨 HIGH RISK DETECTED! Score: 105
[10:35:00] ⚠️ Medium Risk Detected - Score: 70
[10:35:00] 🚨 HIGH RISK DETECTED! Score: 105
[10:35:00] ⚠️ Medium Risk Detected - Score: 70
[10:35:00] 🚨 HIGH RISK DETECTED! Score: 105
[10:35:00] ⚠️ Medium Risk Detected - Score: 70
[10:35:00] 🚨 HIGH RISK DETECTED! Score: 105
[10:35:00] ⚠️ Medium Risk Detected - Score: 70
[10:35:00] 🚨 HIGH RISK DETECTED! Score: 105
[10:35:02] 🚨 HIGH RISK DETECTED! Score: 115
[10:35:02] 🚨 HIGH RISK DETECTED! Score: 90
[10:35:02] 🚨 HIGH RISK DETECTED! Score: 90
[10:35:02] 🚨 HIGH RISK DETECTED! Score: 80
[10:35:02] 🚨 HIGH RISK DETECTED! Score: 90
[10:35:02] 🚨 HIGH RISK DETECTED! Score: 90
[10:35:03] 🚨 HIGH RISK DETECTED! Score: 80
[10:35:03] 🚨 HIGH RISK DETECTED! Score: 90
[10:35:03] 🚨 HIGH RISK DETECTED! Score: 90
[10:38:06] 🚨 HIGH RISK DETECTED! Score: 90
[10:38:06] 🚨 HIGH RISK DETECTED! Score: 90
[10:38:06] 🚨 HIGH RISK DETECTED! Score: 90
[10:38:06] 🚨 HIGH RISK DETECTED! Score: 90
[10:38:06] 🚨 HIGH RISK DETECTED! Score: 90
[10:38:06] 🚨 HIGH RISK DETECTED! Score: 90
[10:38:06] 🚨 HIGH RISK DETECTED! Score: 90
[10:38:06] 🚨 HIGH RISK DETECTED! Score: 90
[10:38:07] 🚨 HIGH RISK DETECTED! Score: 90
[10:38:08] 🚨 HIGH RISK DETECTED! Score: 135
[10:38:08] 🚨 HIGH RISK DETECTED! Score: 85
[10:38:08] 🚨 HIGH RISK DETECTED! Score: 85
[10:38:09] 🚨 HIGH RISK DETECTED! Score: 160
[10:38:09] 🚨 HIGH RISK DETECTED! Score: 85
[10:38:09] 🚨 HIGH RISK DETECTED! Score: 160
[10:38:09] 🚨 HIGH RISK DETECTED! Score: 85
[10:38:52] 🚨 HIGH RISK DETECTED! Score: 90
[10:38:52] 🚨 HIGH RISK DETECTED! Score: 90
[10:38:52] 🚨 HIGH RISK DETECTED! Score: 90
[10:38:52] 🚨 HIGH RISK DETECTED! Score: 90
[10:38:52] 🚨 HIGH RISK DETECTED! Score: 90
[10:38:53] 🚨 HIGH RISK DETECTED! Score: 90
[10:38:53] 🚨 HIGH RISK DETECTED! Score: 90
[10:38:53] 🚨 HIGH RISK DETECTED! Score: 90
[10:38:53] 🚨 HIGH RISK DETECTED! Score: 90
[10:38:53] 🚨 HIGH RISK DETECTED! Score: 90
[10:38:53] 🚨 HIGH RISK DETECTED! Score: 90
[10:38:55] 🚨 HIGH RISK DETECTED! Score: 135
[10:38:55] 🚨 HIGH RISK DETECTED! Score: 85
[10:38:55] 🚨 HIGH RISK DETECTED! Score: 85
[10:44:29] 🚨 HIGH RISK DETECTED! Score: 90
[10:44:29] 🔪 Auto Kill is ON - Killing suspicious process...
[10:44:49] ⚠️ Auto Quarantine is OFF - File not moved
[10:44:49] 🚨 HIGH RISK DETECTED! Score: 90
[10:44:49] 🔪 Auto Kill is ON - Killing suspicious process...
[10:45:20] ⚠️ Auto Quarantine is OFF - File not moved
[10:45:20] 🚨 HIGH RISK DETECTED! Score: 90
[10:45:20] 🔪 Auto Kill is ON - Killing suspicious process...
[10:45:51] ⚠️ Auto Quarantine is OFF - File not moved
[10:45:51] 🚨 HIGH RISK DETECTED! Score: 90
[10:45:51] 🔪 Auto Kill is ON - Killing suspicious process...
[10:46:23] ⚠️ Auto Quarantine is OFF - File not moved
[10:46:23] 🚨 HIGH RISK DETECTED! Score: 90
[10:46:23] 🔪 Auto Kill is ON - Killing suspicious process...
[10:46:54] ⚠️ Auto Quarantine is OFF - File not moved
[10:46:54] 🚨 HIGH RISK DETECTED! Score: 160
[10:46:54] 🔪 Auto Kill is ON - Killing suspicious process...
[10:47:25] ⚠️ Auto Quarantine is OFF - File not moved
[10:47:25] 🚨 HIGH RISK DETECTED! Score: 130
[10:47:25] 🔪 Auto Kill is ON - Killing suspicious process...
[10:47:56] ⚠️ Auto Quarantine is OFF - File not moved
[10:47:56] 🚨 HIGH RISK DETECTED! Score: 115
[10:47:56] 🔪 Auto Kill is ON - Killing suspicious process...
[10:48:28] ⚠️ Auto Quarantine is OFF - File not moved
[10:48:28] 🚨 HIGH RISK DETECTED! Score: 100
[10:48:28] 🔪 Auto Kill is ON - Killing suspicious process...
[10:48:59] ⚠️ Auto Quarantine is OFF - File not moved
[10:48:59] 🚨 HIGH RISK DETECTED! Score: 125
[10:48:59] 🔪 Auto Kill is ON - Killing suspicious process...
[10:49:30] ⚠️ Auto Quarantine is OFF - File not moved
[10:49:30] 🚨 HIGH RISK DETECTED! Score: 100
[10:49:30] 🔪 Auto Kill is ON - Killing suspicious process...
[10:50:02] ⚠️ Auto Quarantine is OFF - File not moved
[11:20:30] [BULK] High activity detected! 6 events +30
[11:20:30] [BULK] High activity detected! 7 events +30
[11:20:30] ⚠️ Medium Risk | Score: 60
[11:20:30]    → File buffered, monitoring for escalation
[11:20:30] [BULK] High activity detected! 8 events +30
[11:20:30] 🚨 HIGH RISK DETECTED! Score: 90
[11:20:30] ✅ Rollback successful - file restored to pre-attack state
[11:20:50] ⚠️ Auto Quarantine OFF - Manual review required
[11:20:50] 📧 ALERT: Critical incident logged for admin review
[11:20:50] [BULK] High activity detected! 9 events +30
[11:20:50] [BULK] High activity detected! 10 events +30
[11:20:50] ⚠️ Medium Risk | Score: 60
[11:20:50]    → File buffered, monitoring for escalation
[11:20:50] [BULK] High activity detected! 11 events +30
[11:20:50] 🚨 HIGH RISK DETECTED! Score: 90
[11:20:50] ✅ Rollback successful - file restored to pre-attack state
[11:21:05] ⚠️ Auto Quarantine OFF - Manual review required
[11:21:05] 📧 ALERT: Critical incident logged for admin review
[11:21:05] [BULK] High activity detected! 12 events +30
[11:21:05] [BULK] High activity detected! 13 events +30
[11:21:05] ⚠️ Medium Risk | Score: 60
[11:21:05]    → File buffered, monitoring for escalation
[11:21:05] [BULK] High activity detected! 14 events +30
[11:21:05] 🚨 HIGH RISK DETECTED! Score: 90
[11:21:05] ✅ Rollback successful - file restored to pre-attack state
[11:21:20] ⚠️ Auto Quarantine OFF - Manual review required
[11:21:20] 📧 ALERT: Critical incident logged for admin review
[11:21:20] [BULK] High activity detected! 15 events +30
[11:21:20] [BULK] High activity detected! 16 events +30
[11:21:20] ⚠️ Medium Risk | Score: 60
[11:21:20]    → File buffered, monitoring for escalation
[11:21:20] [BULK] High activity detected! 17 events +30
[11:21:20] 🚨 HIGH RISK DETECTED! Score: 90
[11:21:20] ✅ Rollback successful - file restored to pre-attack state
[11:21:40] ⚠️ Auto Quarantine OFF - Manual review required
[11:21:40] 📧 ALERT: Critical incident logged for admin review
[11:21:40] [BULK] High activity detected! 10 events +30
[11:21:40] [BULK] High activity detected! 11 events +30
[11:21:40] [BULK] High activity detected! 12 events +30
[11:21:40] ⚠️ Medium Risk | Score: 60
[11:21:40]    → File buffered, monitoring for escalation
[11:21:40] [BULK] High activity detected! 13 events +30
[11:21:40] 🚨 HIGH RISK DETECTED! Score: 90
[11:21:40] ✅ Rollback successful - file restored to pre-attack state
[11:22:01] ⚠️ Auto Quarantine OFF - Manual review required
[11:22:01] 📧 ALERT: Critical incident logged for admin review
[11:22:01] 🍯 HONEYPOT TRIGGERED! File: C:\Users\nimsa\OneDrive\Documents\Visual Studio\NOVASPHERE\test_folder\HR_employee_data.docx
[11:22:18] 🔥 HONEYPOT: Attack detected before real damage!
[11:22:18] 🍯 HONEYPOT TRIGGERED! File: C:\Users\nimsa\OneDrive\Documents\Visual Studio\NOVASPHERE\test_folder\HR_employee_data.docx.locked
[11:22:34] 🔥 HONEYPOT: Attack detected before real damage!
[11:22:34] 🍯 HONEYPOT TRIGGERED! File: C:\Users\nimsa\OneDrive\Documents\Visual Studio\NOVASPHERE\test_folder\company_secrets.txt
[11:22:51] 🔥 HONEYPOT: Attack detected before real damage!
[11:22:51] 🍯 HONEYPOT TRIGGERED! File: C:\Users\nimsa\OneDrive\Documents\Visual Studio\NOVASPHERE\test_folder\company_secrets.txt.locked
[09:28:31] 🍯 HONEYPOT TRIGGERED! File: C:\Users\nimsa\OneDrive\Documents\Visual Studio\NOVASPHERE\test_folder\.honeypot
[09:28:31] 🔥 HONEYPOT: Attack detected before real damage!
[09:28:31] 🍯 HONEYPOT TRIGGERED! File: C:\Users\nimsa\OneDrive\Documents\Visual Studio\NOVASPHERE\test_folder\company_secrets.txt
[09:28:31] 🔥 HONEYPOT: Attack detected before real damage!
[09:28:31] 🍯 HONEYPOT TRIGGERED! File: C:\Users\nimsa\OneDrive\Documents\Visual Studio\NOVASPHERE\test_folder\company_secrets.txt.locked
[09:28:31] 🔥 HONEYPOT: Attack detected before real damage!
[09:28:31] 🍯 HONEYPOT TRIGGERED! File: C:\Users\nimsa\OneDrive\Documents\Visual Studio\NOVASPHERE\test_folder\critical_business_data.xlsx
[09:28:31] 🔥 HONEYPOT: Attack detected before real damage!
[09:28:31] 🍯 HONEYPOT TRIGGERED! File: C:\Users\nimsa\OneDrive\Documents\Visual Studio\NOVASPHERE\test_folder\database_backup.sql
[09:28:31] 🔥 HONEYPOT: Attack detected before real damage!
[09:28:31] 🍯 HONEYPOT TRIGGERED! File: C:\Users\nimsa\OneDrive\Documents\Visual Studio\NOVASPHERE\test_folder\financial_records.pdf
[09:28:31] 🔥 HONEYPOT: Attack detected before real damage!
[09:28:31] 🍯 HONEYPOT TRIGGERED! File: C:\Users\nimsa\OneDrive\Documents\Visual Studio\NOVASPHERE\test_folder\HR_employee_data.docx
[09:28:31] 🔥 HONEYPOT: Attack detected before real damage!
[09:28:31] 🍯 HONEYPOT TRIGGERED! File: C:\Users\nimsa\OneDrive\Documents\Visual Studio\NOVASPHERE\test_folder\HR_employee_data.docx.locked
[09:28:31] 🔥 HONEYPOT: Attack detected before real damage!
[09:28:31] [EXTENSION] Ransomware extension detected! +55
[09:28:31] ⚠️ Medium Risk | Score: 55
[09:28:31]    → File buffered, monitoring for escalation
[09:28:31] ⚠️ Medium Risk | Score: 55
[09:28:31]    → File buffered, monitoring for escalation
[09:28:31] [EXTENSION] Ransomware extension detected! +55
[09:28:31] 🚨 HIGH RISK DETECTED! Score: 110
[09:28:31] 📧 ALERT: Critical incident logged for admin review
[09:28:31] [EXTENSION] Ransomware extension detected! +55
[09:28:31] [BULK] High activity detected! 6 events +30
[09:28:31] 🚨 HIGH RISK DETECTED! Score: 85
[09:28:31] 📧 ALERT: Critical incident logged for admin review
[09:28:31] [BULK] High activity detected! 7 events +30
[09:28:31] [EXTENSION] Ransomware extension detected! +55
[09:28:31] [BULK] High activity detected! 8 events +30
[09:28:31] 🚨 HIGH RISK DETECTED! Score: 115
[09:28:31] 📧 ALERT: Critical incident logged for admin review
[09:28:31] [BULK] High activity detected! 9 events +30
[09:28:31] [EXTENSION] Ransomware extension detected! +55
[09:28:31] [BULK] High activity detected! 10 events +30
[09:28:31] 🚨 HIGH RISK DETECTED! Score: 115
[09:28:31] 📧 ALERT: Critical incident logged for admin review
[09:28:31] [BULK] High activity detected! 11 events +30
[09:28:31] [BULK] High activity detected! 12 events +30
[09:28:31] ⚠️ Medium Risk | Score: 60
[09:28:31]    → File buffered, monitoring for escalation
[09:28:31] [EXTENSION] Ransomware extension detected! +55
[09:28:31] [BULK] High activity detected! 13 events +30
[09:28:31] 🚨 HIGH RISK DETECTED! Score: 145
[09:28:31] 📧 ALERT: Critical incident logged for admin review
[09:28:31] [EXTENSION] Ransomware extension detected! +55
[09:28:31] [BULK] High activity detected! 14 events +30
[09:28:31] 🚨 HIGH RISK DETECTED! Score: 85
[09:28:31] 📧 ALERT: Critical incident logged for admin review
[09:28:31] [BULK] High activity detected! 15 events +30
[09:28:31] [BULK] High activity detected! 16 events +30
[09:28:31] ⚠️ Medium Risk | Score: 60
[09:28:31]    → File buffered, monitoring for escalation
[09:28:31] [BULK] High activity detected! 17 events +30
[09:28:31] 🚨 HIGH RISK DETECTED! Score: 90
[09:28:31] 📧 ALERT: Critical incident logged for admin review
[09:28:31] [EXTENSION] Ransomware extension detected! +55
[09:28:31] [BULK] High activity detected! 18 events +30
[09:28:31] 🚨 HIGH RISK DETECTED! Score: 85
[09:28:31] 📧 ALERT: Critical incident logged for admin review
[09:28:31] [BULK] High activity detected! 19 events +30
[09:28:31] [EXTENSION] Ransomware extension detected! +55
[09:28:31] [BULK] High activity detected! 20 events +30
[09:28:31] 🚨 HIGH RISK DETECTED! Score: 115
[09:28:31] 📧 ALERT: Critical incident logged for admin review
[09:31:01] [BULK] High activity detected! 6 events +30
[09:31:01] [BULK] High activity detected! 7 events +30
[09:31:01] ⚠️ Medium Risk | Score: 60
[09:31:01]    → File buffered, monitoring for escalation
[09:31:01] [BULK] High activity detected! 8 events +30
[09:31:01] 🚨 HIGH RISK DETECTED! Score: 90
[09:31:01] ✅ Rollback successful - file restored to pre-attack state
[09:31:09] ⚠️ Auto Quarantine OFF - Manual review required
[09:31:09] 📧 ALERT: Critical incident logged for admin review
[09:31:09] [BULK] High activity detected! 9 events +30
[09:31:09] [BULK] High activity detected! 10 events +30
[09:31:09] ⚠️ Medium Risk | Score: 60
[09:31:09]    → File buffered, monitoring for escalation
[09:31:09] [BULK] High activity detected! 11 events +30
[09:31:09] 🚨 HIGH RISK DETECTED! Score: 90
[09:31:16] ⚠️ Auto Quarantine OFF - Manual review required
[09:31:16] 📧 ALERT: Critical incident logged for admin review
[09:31:16] [BULK] High activity detected! 12 events +30
[09:31:16] [BULK] High activity detected! 13 events +30
[09:31:16] ⚠️ Medium Risk | Score: 60
[09:31:16]    → File buffered, monitoring for escalation
[09:31:16] [BULK] High activity detected! 14 events +30
[09:31:16] 🚨 HIGH RISK DETECTED! Score: 90
[09:31:16] ✅ Rollback successful - file restored to pre-attack state
[09:31:21] ⚠️ Auto Quarantine OFF - Manual review required
[09:31:21] 📧 ALERT: Critical incident logged for admin review
[09:31:21] [BULK] High activity detected! 15 events +30
[09:31:21] [BULK] High activity detected! 16 events +30
[09:31:21] ⚠️ Medium Risk | Score: 60
[09:31:21]    → File buffered, monitoring for escalation
[09:31:21] [BULK] High activity detected! 17 events +30
[09:31:21] 🚨 HIGH RISK DETECTED! Score: 90
[09:31:30] ⚠️ Auto Quarantine OFF - Manual review required
[09:31:30] 📧 ALERT: Critical incident logged for admin review
[09:31:30] [BULK] High activity detected! 18 events +30
[09:31:30] [BULK] High activity detected! 19 events +30
[09:31:30] ⚠️ Medium Risk | Score: 60
[09:31:30]    → File buffered, monitoring for escalation
[09:31:30] [BULK] High activity detected! 20 events +30
[09:31:30] 🚨 HIGH RISK DETECTED! Score: 90
[09:31:40] ⚠️ Auto Quarantine OFF - Manual review required
[09:31:40] 📧 ALERT: Critical incident logged for admin review
[09:31:40] [BULK] High activity detected! 21 events +30
[09:31:40] [BULK] High activity detected! 22 events +30
[09:31:40] ⚠️ Medium Risk | Score: 60
[09:31:40]    → File buffered, monitoring for escalation
[09:31:40] [BULK] High activity detected! 23 events +30
[09:31:40] 🚨 HIGH RISK DETECTED! Score: 90
[09:31:50] ⚠️ Auto Quarantine OFF - Manual review required
[09:31:50] 📧 ALERT: Critical incident logged for admin review
[09:31:50] [BULK] High activity detected! 24 events +30
[09:31:50] [BULK] High activity detected! 25 events +30
[09:31:50] ⚠️ Medium Risk | Score: 60
[09:31:50]    → File buffered, monitoring for escalation
[09:31:50] [BULK] High activity detected! 26 events +30
[09:31:50] [RENAME] File renamed to ransomware extension! +45
[09:31:50] 🚨 HIGH RISK DETECTED! Score: 135
[09:31:56] ⚠️ Auto Quarantine OFF - Manual review required
[09:31:56] 📧 ALERT: Critical incident logged for admin review
[09:31:56] [BULK] High activity detected! 27 events +30
[09:31:56] [RENAME] File renamed to ransomware extension! +45
[09:31:56] ⚠️ Medium Risk | Score: 75
[09:31:56]    → File buffered, monitoring for escalation
[09:31:56] [BULK] High activity detected! 28 events +30
[09:31:56] [RENAME] File renamed to ransomware extension! +45
[09:31:56] 🚨 HIGH RISK DETECTED! Score: 150
[09:32:01] ⚠️ Auto Quarantine OFF - Manual review required
[09:32:01] 📧 ALERT: Critical incident logged for admin review
[09:32:01] [BULK] High activity detected! 21 events +30
[09:32:01] [RENAME] File renamed to ransomware extension! +45
[09:32:01] [BULK] High activity detected! 22 events +30
[09:32:01] [RENAME] File renamed to ransomware extension! +45
[09:32:01] 🚨 HIGH RISK DETECTED! Score: 120
[09:32:01] ✅ Rollback successful - file restored to pre-attack state
[09:32:07] ⚠️ Auto Quarantine OFF - Manual review required
[09:32:07] 📧 ALERT: Critical incident logged for admin review
[09:32:07] [BULK] High activity detected! 23 events +30
[09:32:07] [RENAME] File renamed to ransomware extension! +45
[09:32:07] ⚠️ Medium Risk | Score: 75
[09:32:07]    → File buffered, monitoring for escalation
[09:32:07] [BULK] High activity detected! 24 events +30
[09:32:07] [RENAME] File renamed to ransomware extension! +45
[09:32:07] 🚨 HIGH RISK DETECTED! Score: 150
[09:32:14] ⚠️ Auto Quarantine OFF - Manual review required
[09:32:14] 📧 ALERT: Critical incident logged for admin review
[09:32:14] [BULK] High activity detected! 22 events +30
[09:32:14] [RENAME] File renamed to ransomware extension! +45
[09:32:14] ⚠️ Medium Risk | Score: 75
[09:32:14]    → File buffered, monitoring for escalation
[09:32:14] [BULK] High activity detected! 23 events +30
[09:32:14] 🚨 HIGH RISK DETECTED! Score: 105
[09:32:14] ✅ Rollback successful - file restored to pre-attack state
[09:32:20] ⚠️ Auto Quarantine OFF - Manual review required
[09:32:20] 📧 ALERT: Critical incident logged for admin review
[09:32:20] [BULK] High activity detected! 21 events +30
[09:32:20] [BULK] High activity detected! 22 events +30
[09:32:20] ⚠️ Medium Risk | Score: 60
[09:32:20]    → File buffered, monitoring for escalation
[09:32:20] [BULK] High activity detected! 23 events +30
[09:32:20] 🚨 HIGH RISK DETECTED! Score: 90
[09:32:20] ✅ Rollback successful - file restored to pre-attack state
[09:32:27] ⚠️ Auto Quarantine OFF - Manual review required
[09:32:27] 📧 ALERT: Critical incident logged for admin review
[09:32:27] [BULK] High activity detected! 21 events +30
[10:04:46] [BULK] High activity detected! 6 events +30
[10:04:46] [BULK] High activity detected! 7 events +30
[10:04:46] ⚠️ Medium Risk | Score: 60
[10:04:46]    → File buffered, monitoring for escalation
[10:04:46] [BULK] High activity detected! 8 events +30
[10:04:46] 🚨 HIGH RISK DETECTED! Score: 90
[10:04:46] ✅ Rollback successful - file restored to pre-attack state
[10:04:46] 📧 ALERT: Critical incident logged for admin review
[10:04:46] [BULK] High activity detected! 9 events +30
[10:04:46] [BULK] High activity detected! 10 events +30
[10:04:46] ⚠️ Medium Risk | Score: 60
[10:04:46]    → File buffered, monitoring for escalation
[10:04:46] [BULK] High activity detected! 11 events +30
[10:04:46] 🚨 HIGH RISK DETECTED! Score: 90
[10:04:46] ✅ Rollback successful - file restored to pre-attack state
[10:04:46] 📧 ALERT: Critical incident logged for admin review
[10:04:46] [BULK] High activity detected! 12 events +30
[10:04:46] [BULK] High activity detected! 13 events +30
[10:04:46] ⚠️ Medium Risk | Score: 60
[10:04:46]    → File buffered, monitoring for escalation
[10:04:46] [BULK] High activity detected! 14 events +30
[10:04:46] 🚨 HIGH RISK DETECTED! Score: 90
[10:04:46] ✅ Rollback successful - file restored to pre-attack state
[10:04:46] 📧 ALERT: Critical incident logged for admin review
[10:04:46] [BULK] High activity detected! 15 events +30
[10:04:46] [BULK] High activity detected! 16 events +30
[10:04:46] ⚠️ Medium Risk | Score: 60
[10:04:46]    → File buffered, monitoring for escalation
[10:04:46] [BULK] High activity detected! 17 events +30
[10:04:46] 🚨 HIGH RISK DETECTED! Score: 90
[10:04:46] ✅ Rollback successful - file restored to pre-attack state
[10:04:46] 📧 ALERT: Critical incident logged for admin review
[10:04:46] [BULK] High activity detected! 18 events +30
[10:04:46] [BULK] High activity detected! 19 events +30
[10:04:46] ⚠️ Medium Risk | Score: 60
[10:04:46]    → File buffered, monitoring for escalation
[10:04:46] [BULK] High activity detected! 20 events +30
[10:04:46] 🚨 HIGH RISK DETECTED! Score: 90
[10:04:46] ✅ Rollback successful - file restored to pre-attack state
[10:04:46] 📧 ALERT: Critical incident logged for admin review
[10:04:46] [BULK] High activity detected! 21 events +30
[10:04:46] [BULK] High activity detected! 22 events +30
[10:04:46] ⚠️ Medium Risk | Score: 60
[10:04:46]    → File buffered, monitoring for escalation
[10:04:46] [BULK] High activity detected! 23 events +30
[10:04:46] 🚨 HIGH RISK DETECTED! Score: 90
[10:04:46] ✅ Rollback successful - file restored to pre-attack state
[10:04:46] 📧 ALERT: Critical incident logged for admin review
[10:04:46] [BULK] High activity detected! 24 events +30
[10:04:46] [BULK] High activity detected! 25 events +30
[10:04:46] ⚠️ Medium Risk | Score: 60
[10:04:46]    → File buffered, monitoring for escalation
[10:04:46] [BULK] High activity detected! 26 events +30
[10:04:46] 🚨 HIGH RISK DETECTED! Score: 90
[10:04:46] ✅ Rollback successful - file restored to pre-attack state
[10:04:46] 📧 ALERT: Critical incident logged for admin review
[10:04:46] [BULK] High activity detected! 27 events +30
[10:04:46] [BULK] High activity detected! 28 events +30
[10:04:46] ⚠️ Medium Risk | Score: 60
[10:04:46]    → File buffered, monitoring for escalation
[10:04:46] [BULK] High activity detected! 29 events +30
[10:04:46] 🚨 HIGH RISK DETECTED! Score: 90
[10:04:46] ✅ Rollback successful - file restored to pre-attack state
[10:04:46] 📧 ALERT: Critical incident logged for admin review
[10:04:46] [BULK] High activity detected! 30 events +30
[10:04:46] [BULK] High activity detected! 31 events +30
[10:04:46] ⚠️ Medium Risk | Score: 60
[10:04:46]    → File buffered, monitoring for escalation
[10:04:46] [BULK] High activity detected! 32 events +30
[10:04:46] 🚨 HIGH RISK DETECTED! Score: 90
[10:04:46] ✅ Rollback successful - file restored to pre-attack state
[10:04:46] 📧 ALERT: Critical incident logged for admin review
[10:04:46] [BULK] High activity detected! 33 events +30
[10:04:46] [BULK] High activity detected! 34 events +30
[10:04:46] ⚠️ Medium Risk | Score: 60
[10:04:46]    → File buffered, monitoring for escalation
[10:04:48] 🍯 HONEYPOT TRIGGERED! File: C:\Users\nimsa\OneDrive\Documents\Visual Studio\NOVASPHERE\test_folder\HR_employee_data.docx
[10:04:48] 🔥 HONEYPOT: Attack detected before real damage!
[10:04:48] 🍯 HONEYPOT TRIGGERED! File: C:\Users\nimsa\OneDrive\Documents\Visual Studio\NOVASPHERE\test_folder\HR_employee_data.docx.locked
[10:04:48] 🔥 HONEYPOT: Attack detected before real damage!
[10:04:48] 🍯 HONEYPOT TRIGGERED! File: C:\Users\nimsa\OneDrive\Documents\Visual Studio\NOVASPHERE\test_folder\HR_employee_data.docx.locked
[10:04:48] 🔥 HONEYPOT: Attack detected before real damage!
[10:04:49] [BULK] High activity detected! 35 events +30
[10:04:49] [RENAME] File renamed to ransomware extension! +45
[10:04:49] 🚨 HIGH RISK DETECTED! Score: 135
[10:04:49] ✅ Rollback successful - file restored to pre-attack state
[10:04:49] 📧 ALERT: Critical incident logged for admin review
[10:04:49] [BULK] High activity detected! 36 events +30
[10:04:49] [BULK] High activity detected! 37 events +30
[10:04:49] ⚠️ Medium Risk | Score: 60
[10:04:49]    → File buffered, monitoring for escalation
[10:04:49] [BULK] High activity detected! 38 events +30
[10:04:49] 🚨 HIGH RISK DETECTED! Score: 90
[10:04:49] 📧 ALERT: Critical incident logged for admin review
[10:04:49] 🍯 HONEYPOT TRIGGERED! File: C:\Users\nimsa\OneDrive\Documents\Visual Studio\NOVASPHERE\test_folder\company_secrets.txt
[10:04:49] 🔥 HONEYPOT: Attack detected before real damage!
[10:04:49] 🍯 HONEYPOT TRIGGERED! File: C:\Users\nimsa\OneDrive\Documents\Visual Studio\NOVASPHERE\test_folder\company_secrets.txt.locked
[10:04:49] 🔥 HONEYPOT: Attack detected before real damage!
[10:04:49] 🍯 HONEYPOT TRIGGERED! File: C:\Users\nimsa\OneDrive\Documents\Visual Studio\NOVASPHERE\test_folder\company_secrets.txt.locked
[10:04:49] 🔥 HONEYPOT: Attack detected before real damage!
