[18:06:25] [SCORE] c:\Users\User\Documents\GitHub\Final-Year-Project\ransomware_part\test_folder\project_report_1.docx.locked | +60 pts (RANSOMWARE_EXT) | Total: 60
[18:06:25] ⚠️  MEDIUM RISK | c:\Users\User\Documents\GitHub\Final-Year-Project\ransomware_part\test_folder\project_report_1.docx.locked | Score: 60 — monitoring closely
[18:06:25] [SCORE] c:\Users\User\Documents\GitHub\Final-Year-Project\ransomware_part\test_folder\project_report_10.docx.locked | +60 pts (RANSOMWARE_EXT) | Total: 60
[18:06:25] ⚠️  MEDIUM RISK | c:\Users\User\Documents\GitHub\Final-Year-Project\ransomware_part\test_folder\project_report_10.docx.locked | Score: 60 — monitoring closely
[18:06:25] [SCORE] c:\Users\User\Documents\GitHub\Final-Year-Project\ransomware_part\test_folder\project_report_11.docx.locked | +60 pts (RANSOMWARE_EXT) | Total: 60
[18:06:25] ⚠️  MEDIUM RISK | c:\Users\User\Documents\GitHub\Final-Year-Project\ransomware_part\test_folder\project_report_11.docx.locked | Score: 60 — monitoring closely
[18:06:26] [SCORE] c:\Users\User\Documents\GitHub\Final-Year-Project\ransomware_part\test_folder\project_report_12.docx.locked | +60 pts (RANSOMWARE_EXT) | Total: 60
[18:06:26] ⚠️  MEDIUM RISK | c:\Users\User\Documents\GitHub\Final-Year-Project\ransomware_part\test_folder\project_report_12.docx.locked | Score: 60 — monitoring closely
[18:06:26] [SCORE] c:\Users\User\Documents\GitHub\Final-Year-Project\ransomware_part\test_folder\project_report_2.docx.locked | +60 pts (RANSOMWARE_EXT) | Total: 60
[18:06:26] ⚠️  MEDIUM RISK | c:\Users\User\Documents\GitHub\Final-Year-Project\ransomware_part\test_folder\project_report_2.docx.locked | Score: 60 — monitoring closely
[18:06:26] [SCORE] c:\Users\User\Documents\GitHub\Final-Year-Project\ransomware_part\test_folder\project_report_3.docx.locked | +60 pts (RANSOMWARE_EXT) | Total: 60
[18:06:26] ⚠️  MEDIUM RISK | c:\Users\User\Documents\GitHub\Final-Year-Project\ransomware_part\test_folder\project_report_3.docx.locked | Score: 60 — monitoring closely
[18:06:26] [SCORE] c:\Users\User\Documents\GitHub\Final-Year-Project\ransomware_part\test_folder\project_report_4.docx.locked | +60 pts (RANSOMWARE_EXT) | Total: 60
[18:06:26] ⚠️  MEDIUM RISK | c:\Users\User\Documents\GitHub\Final-Year-Project\ransomware_part\test_folder\project_report_4.docx.locked | Score: 60 — monitoring closely
[18:06:26] [SCORE] c:\Users\User\Documents\GitHub\Final-Year-Project\ransomware_part\test_folder\project_report_6.docx.locked | +60 pts (RANSOMWARE_EXT) | Total: 60
[18:06:26] ⚠️  MEDIUM RISK | c:\Users\User\Documents\GitHub\Final-Year-Project\ransomware_part\test_folder\project_report_6.docx.locked | Score: 60 — monitoring closely
[18:06:26] [SCORE] c:\Users\User\Documents\GitHub\Final-Year-Project\ransomware_part\test_folder\project_report_7.docx.locked | +60 pts (RANSOMWARE_EXT) | Total: 60
[18:06:26] ⚠️  MEDIUM RISK | c:\Users\User\Documents\GitHub\Final-Year-Project\ransomware_part\test_folder\project_report_7.docx.locked | Score: 60 — monitoring closely
[18:06:27] [SCORE] c:\Users\User\Documents\GitHub\Final-Year-Project\ransomware_part\test_folder\project_report_8.docx.locked | +60 pts (RANSOMWARE_EXT) | Total: 60
[18:06:27] ⚠️  MEDIUM RISK | c:\Users\User\Documents\GitHub\Final-Year-Project\ransomware_part\test_folder\project_report_8.docx.locked | Score: 60 — monitoring closely
[18:06:27] [SCORE] c:\Users\User\Documents\GitHub\Final-Year-Project\ransomware_part\test_folder\project_report_9.docx.locked | +60 pts (RANSOMWARE_EXT) | Total: 60
[18:06:27] ⚠️  MEDIUM RISK | c:\Users\User\Documents\GitHub\Final-Year-Project\ransomware_part\test_folder\project_report_9.docx.locked | Score: 60 — monitoring closely
[18:06:45] [SCORE] c:\Users\User\Documents\GitHub\Final-Year-Project\ransomware_part\test_folder\project_report_1.docx.locked | +60 pts (RANSOMWARE_EXT) | Total: 120
[18:06:45] 🚨 HIGH RISK DETECTED | Score: 120 | File: c:\Users\User\Documents\GitHub\Final-Year-Project\ransomware_part\test_folder\project_report_1.docx.locked
[18:06:45] ✅ Rollback successful — file restored to pre-attack state
[18:06:45] 📧 ALERT: High-risk incident logged for administrator review
[18:06:45] ------------------------------------------------------------
[18:06:45] [SCORE] c:\Users\User\Documents\GitHub\Final-Year-Project\ransomware_part\test_folder\project_report_10.docx.locked | +60 pts (RANSOMWARE_EXT) | Total: 120
[18:06:45] 🚨 HIGH RISK DETECTED | Score: 120 | File: c:\Users\User\Documents\GitHub\Final-Year-Project\ransomware_part\test_folder\project_report_10.docx.locked
[18:06:45] ✅ Rollback successful — file restored to pre-attack state
[18:06:45] 📧 ALERT: High-risk incident logged for administrator review
[18:06:45] ------------------------------------------------------------
[18:06:45] [SCORE] c:\Users\User\Documents\GitHub\Final-Year-Project\ransomware_part\test_folder\project_report_11.docx.locked | +60 pts (RANSOMWARE_EXT) | Total: 120
[18:06:45] 🚨 HIGH RISK DETECTED | Score: 120 | File: c:\Users\User\Documents\GitHub\Final-Year-Project\ransomware_part\test_folder\project_report_11.docx.locked
[18:06:45] ✅ Rollback successful — file restored to pre-attack state
[18:06:45] 📧 ALERT: High-risk incident logged for administrator review
[18:06:45] ------------------------------------------------------------
[18:06:45] [SCORE] c:\Users\User\Documents\GitHub\Final-Year-Project\ransomware_part\test_folder\project_report_12.docx.locked | +60 pts (RANSOMWARE_EXT) | Total: 120
[18:06:45] 🚨 HIGH RISK DETECTED | Score: 120 | File: c:\Users\User\Documents\GitHub\Final-Year-Project\ransomware_part\test_folder\project_report_12.docx.locked
[18:06:45] ✅ Rollback successful — file restored to pre-attack state
[18:06:45] 📧 ALERT: High-risk incident logged for administrator review
[18:06:45] ------------------------------------------------------------
[18:06:45] [SCORE] c:\Users\User\Documents\GitHub\Final-Year-Project\ransomware_part\test_folder\project_report_2.docx.locked | +60 pts (RANSOMWARE_EXT) | Total: 120
[18:06:45] 🚨 HIGH RISK DETECTED | Score: 120 | File: c:\Users\User\Documents\GitHub\Final-Year-Project\ransomware_part\test_folder\project_report_2.docx.locked
[18:06:45] ✅ Rollback successful — file restored to pre-attack state
[18:06:45] 📧 ALERT: High-risk incident logged for administrator review
[18:06:45] ------------------------------------------------------------
[18:06:46] [SCORE] c:\Users\User\Documents\GitHub\Final-Year-Project\ransomware_part\test_folder\project_report_3.docx.locked | +60 pts (RANSOMWARE_EXT) | Total: 120
[18:06:46] 🚨 HIGH RISK DETECTED | Score: 120 | File: c:\Users\User\Documents\GitHub\Final-Year-Project\ransomware_part\test_folder\project_report_3.docx.locked
[18:06:46] ✅ Rollback successful — file restored to pre-attack state
[18:06:46] 📧 ALERT: High-risk incident logged for administrator review
[18:06:46] ------------------------------------------------------------
[18:06:46] [SCORE] c:\Users\User\Documents\GitHub\Final-Year-Project\ransomware_part\test_folder\project_report_4.docx.locked | +60 pts (RANSOMWARE_EXT) | Total: 120
[18:06:46] 🚨 HIGH RISK DETECTED | Score: 120 | File: c:\Users\User\Documents\GitHub\Final-Year-Project\ransomware_part\test_folder\project_report_4.docx.locked
[18:06:46] ✅ Rollback successful — file restored to pre-attack state
[18:06:46] 📧 ALERT: High-risk incident logged for administrator review
[18:06:46] ------------------------------------------------------------
[18:06:46] [SCORE] c:\Users\User\Documents\GitHub\Final-Year-Project\ransomware_part\test_folder\project_report_6.docx.locked | +60 pts (RANSOMWARE_EXT) | Total: 120
[18:06:46] 🚨 HIGH RISK DETECTED | Score: 120 | File: c:\Users\User\Documents\GitHub\Final-Year-Project\ransomware_part\test_folder\project_report_6.docx.locked
[18:06:46] ✅ Rollback successful — file restored to pre-attack state
[18:06:46] 📧 ALERT: High-risk incident logged for administrator review
[18:06:46] ------------------------------------------------------------
[18:06:46] [SCORE] c:\Users\User\Documents\GitHub\Final-Year-Project\ransomware_part\test_folder\project_report_7.docx.locked | +60 pts (RANSOMWARE_EXT) | Total: 120
[18:06:46] 🚨 HIGH RISK DETECTED | Score: 120 | File: c:\Users\User\Documents\GitHub\Final-Year-Project\ransomware_part\test_folder\project_report_7.docx.locked
[18:06:46] ✅ Rollback successful — file restored to pre-attack state
[18:06:46] 📧 ALERT: High-risk incident logged for administrator review
[18:06:46] ------------------------------------------------------------
[18:06:46] [SCORE] c:\Users\User\Documents\GitHub\Final-Year-Project\ransomware_part\test_folder\project_report_8.docx.locked | +60 pts (RANSOMWARE_EXT) | Total: 120
[18:06:46] 🚨 HIGH RISK DETECTED | Score: 120 | File: c:\Users\User\Documents\GitHub\Final-Year-Project\ransomware_part\test_folder\project_report_8.docx.locked
[18:06:46] ✅ Rollback successful — file restored to pre-attack state
[18:06:46] 📧 ALERT: High-risk incident logged for administrator review
[18:06:46] ------------------------------------------------------------
[18:06:47] [SCORE] c:\Users\User\Documents\GitHub\Final-Year-Project\ransomware_part\test_folder\project_report_9.docx.locked | +60 pts (RANSOMWARE_EXT) | Total: 120
[18:06:47] 🚨 HIGH RISK DETECTED | Score: 120 | File: c:\Users\User\Documents\GitHub\Final-Year-Project\ransomware_part\test_folder\project_report_9.docx.locked
[18:06:47] ✅ Rollback successful — file restored to pre-attack state
[18:06:47] 📧 ALERT: High-risk incident logged for administrator review
[18:06:47] ------------------------------------------------------------
[18:06:54] 🔄 All risk scores reset by administrator.
[18:07:00] 🔄 All risk scores reset by administrator.
