[12:59:53] 🍯 HONEYPOT TRIGGERED! File: c:\Users\User\Documents\GitHub\Final-Year-Project\ransomware_part\test_folder\company_secrets.txt.locked
[12:59:53] 🔥 Immediate response — attack caught before real damage!
[12:59:54] 🍯 HONEYPOT TRIGGERED! File: c:\Users\User\Documents\GitHub\Final-Year-Project\ransomware_part\test_folder\HR_employee_data.docx.locked
[12:59:54] 🔥 Immediate response — attack caught before real damage!
[12:59:54] [SCORE] c:\Users\User\Documents\GitHub\Final-Year-Project\ransomware_part\test_folder\project_report_1.docx.locked | +60 pts (RANSOMWARE_EXT) | Total: 60
[12:59:54] ⚠️  MEDIUM RISK | c:\Users\User\Documents\GitHub\Final-Year-Project\ransomware_part\test_folder\project_report_1.docx.locked | Score: 60 — monitoring closely
[12:59:54] [SCORE] c:\Users\User\Documents\GitHub\Final-Year-Project\ransomware_part\test_folder\project_report_10.docx.locked | +60 pts (RANSOMWARE_EXT) | Total: 60
[12:59:54] ⚠️  MEDIUM RISK | c:\Users\User\Documents\GitHub\Final-Year-Project\ransomware_part\test_folder\project_report_10.docx.locked | Score: 60 — monitoring closely
[12:59:54] [SCORE] c:\Users\User\Documents\GitHub\Final-Year-Project\ransomware_part\test_folder\project_report_11.docx.locked | +60 pts (RANSOMWARE_EXT) | Total: 60
[12:59:54] ⚠️  MEDIUM RISK | c:\Users\User\Documents\GitHub\Final-Year-Project\ransomware_part\test_folder\project_report_11.docx.locked | Score: 60 — monitoring closely
[12:59:55] [SCORE] c:\Users\User\Documents\GitHub\Final-Year-Project\ransomware_part\test_folder\project_report_12.docx.locked | +60 pts (RANSOMWARE_EXT) | Total: 60
[12:59:55] ⚠️  MEDIUM RISK | c:\Users\User\Documents\GitHub\Final-Year-Project\ransomware_part\test_folder\project_report_12.docx.locked | Score: 60 — monitoring closely
[12:59:55] [SCORE] c:\Users\User\Documents\GitHub\Final-Year-Project\ransomware_part\test_folder\project_report_2.docx.locked | +60 pts (RANSOMWARE_EXT) | Total: 60
[12:59:55] ⚠️  MEDIUM RISK | c:\Users\User\Documents\GitHub\Final-Year-Project\ransomware_part\test_folder\project_report_2.docx.locked | Score: 60 — monitoring closely
[12:59:55] [SCORE] c:\Users\User\Documents\GitHub\Final-Year-Project\ransomware_part\test_folder\project_report_3.docx.locked | +60 pts (RANSOMWARE_EXT) | Total: 60
[12:59:55] ⚠️  MEDIUM RISK | c:\Users\User\Documents\GitHub\Final-Year-Project\ransomware_part\test_folder\project_report_3.docx.locked | Score: 60 — monitoring closely
[12:59:55] [SCORE] c:\Users\User\Documents\GitHub\Final-Year-Project\ransomware_part\test_folder\project_report_4.docx.locked | +60 pts (RANSOMWARE_EXT) | Total: 60
[12:59:55] ⚠️  MEDIUM RISK | c:\Users\User\Documents\GitHub\Final-Year-Project\ransomware_part\test_folder\project_report_4.docx.locked | Score: 60 — monitoring closely
[12:59:55] [SCORE] c:\Users\User\Documents\GitHub\Final-Year-Project\ransomware_part\test_folder\project_report_6.docx.locked | +60 pts (RANSOMWARE_EXT) | Total: 60
[12:59:55] ⚠️  MEDIUM RISK | c:\Users\User\Documents\GitHub\Final-Year-Project\ransomware_part\test_folder\project_report_6.docx.locked | Score: 60 — monitoring closely
[12:59:56] [SCORE] c:\Users\User\Documents\GitHub\Final-Year-Project\ransomware_part\test_folder\project_report_7.docx.locked | +60 pts (RANSOMWARE_EXT) | Total: 60
[12:59:56] ⚠️  MEDIUM RISK | c:\Users\User\Documents\GitHub\Final-Year-Project\ransomware_part\test_folder\project_report_7.docx.locked | Score: 60 — monitoring closely
[12:59:56] [SCORE] c:\Users\User\Documents\GitHub\Final-Year-Project\ransomware_part\test_folder\project_report_8.docx.locked | +60 pts (RANSOMWARE_EXT) | Total: 60
[12:59:56] ⚠️  MEDIUM RISK | c:\Users\User\Documents\GitHub\Final-Year-Project\ransomware_part\test_folder\project_report_8.docx.locked | Score: 60 — monitoring closely
[12:59:56] [SCORE] c:\Users\User\Documents\GitHub\Final-Year-Project\ransomware_part\test_folder\project_report_9.docx.locked | +60 pts (RANSOMWARE_EXT) | Total: 60
[12:59:56] ⚠️  MEDIUM RISK | c:\Users\User\Documents\GitHub\Final-Year-Project\ransomware_part\test_folder\project_report_9.docx.locked | Score: 60 — monitoring closely
