[18:36:42] 🍯 HONEYPOT TRIGGERED! File: C:\Users\nimsa\OneDrive\Documents\Visual Studio\NOVASPHERE\test_folder\company_secrets.txt.locked
[18:36:42] 🔥 Immediate response — attack caught before real damage!
[18:36:43] 🍯 HONEYPOT TRIGGERED! File: C:\Users\nimsa\OneDrive\Documents\Visual Studio\NOVASPHERE\test_folder\HR_employee_data.docx.locked
[18:36:43] 🔥 Immediate response — attack caught before real damage!
[18:36:43] [SCORE] C:\Users\nimsa\OneDrive\Documents\Visual Studio\NOVASPHERE\test_folder\project_report_1.docx.locked | +60 pts (RANSOMWARE_EXT) | Total: 60
[18:36:43] ⚠️  MEDIUM RISK | C:\Users\nimsa\OneDrive\Documents\Visual Studio\NOVASPHERE\test_folder\project_report_1.docx.locked | Score: 60 — monitoring closely
[18:36:43] [SCORE] C:\Users\nimsa\OneDrive\Documents\Visual Studio\NOVASPHERE\test_folder\project_report_10.docx.locked | +60 pts (RANSOMWARE_EXT) | Total: 60
[18:36:43] ⚠️  MEDIUM RISK | C:\Users\nimsa\OneDrive\Documents\Visual Studio\NOVASPHERE\test_folder\project_report_10.docx.locked | Score: 60 — monitoring closely
[18:36:43] [SCORE] C:\Users\nimsa\OneDrive\Documents\Visual Studio\NOVASPHERE\test_folder\project_report_11.docx.locked | +60 pts (RANSOMWARE_EXT) | Total: 60
[18:36:43] ⚠️  MEDIUM RISK | C:\Users\nimsa\OneDrive\Documents\Visual Studio\NOVASPHERE\test_folder\project_report_11.docx.locked | Score: 60 — monitoring closely
[18:36:43] [SCORE] C:\Users\nimsa\OneDrive\Documents\Visual Studio\NOVASPHERE\test_folder\project_report_12.docx.locked | +60 pts (RANSOMWARE_EXT) | Total: 60
[18:36:43] ⚠️  MEDIUM RISK | C:\Users\nimsa\OneDrive\Documents\Visual Studio\NOVASPHERE\test_folder\project_report_12.docx.locked | Score: 60 — monitoring closely
[18:36:43] [SCORE] C:\Users\nimsa\OneDrive\Documents\Visual Studio\NOVASPHERE\test_folder\project_report_2.docx.locked | +60 pts (RANSOMWARE_EXT) | Total: 60
[18:36:43] ⚠️  MEDIUM RISK | C:\Users\nimsa\OneDrive\Documents\Visual Studio\NOVASPHERE\test_folder\project_report_2.docx.locked | Score: 60 — monitoring closely
[18:36:44] [SCORE] C:\Users\nimsa\OneDrive\Documents\Visual Studio\NOVASPHERE\test_folder\project_report_3.docx.locked | +60 pts (RANSOMWARE_EXT) | Total: 60
[18:36:44] ⚠️  MEDIUM RISK | C:\Users\nimsa\OneDrive\Documents\Visual Studio\NOVASPHERE\test_folder\project_report_3.docx.locked | Score: 60 — monitoring closely
[18:36:44] [SCORE] C:\Users\nimsa\OneDrive\Documents\Visual Studio\NOVASPHERE\test_folder\project_report_4.docx.locked | +60 pts (RANSOMWARE_EXT) | Total: 60
[18:36:44] ⚠️  MEDIUM RISK | C:\Users\nimsa\OneDrive\Documents\Visual Studio\NOVASPHERE\test_folder\project_report_4.docx.locked | Score: 60 — monitoring closely
[18:36:44] [SCORE] C:\Users\nimsa\OneDrive\Documents\Visual Studio\NOVASPHERE\test_folder\project_report_6.docx.locked | +60 pts (RANSOMWARE_EXT) | Total: 60
[18:36:44] ⚠️  MEDIUM RISK | C:\Users\nimsa\OneDrive\Documents\Visual Studio\NOVASPHERE\test_folder\project_report_6.docx.locked | Score: 60 — monitoring closely
[18:36:44] [SCORE] C:\Users\nimsa\OneDrive\Documents\Visual Studio\NOVASPHERE\test_folder\project_report_7.docx.locked | +60 pts (RANSOMWARE_EXT) | Total: 60
[18:36:44] ⚠️  MEDIUM RISK | C:\Users\nimsa\OneDrive\Documents\Visual Studio\NOVASPHERE\test_folder\project_report_7.docx.locked | Score: 60 — monitoring closely
[18:36:44] [SCORE] C:\Users\nimsa\OneDrive\Documents\Visual Studio\NOVASPHERE\test_folder\project_report_8.docx.locked | +60 pts (RANSOMWARE_EXT) | Total: 60
[18:36:44] ⚠️  MEDIUM RISK | C:\Users\nimsa\OneDrive\Documents\Visual Studio\NOVASPHERE\test_folder\project_report_8.docx.locked | Score: 60 — monitoring closely
[18:36:44] [SCORE] C:\Users\nimsa\OneDrive\Documents\Visual Studio\NOVASPHERE\test_folder\project_report_9.docx.locked | +60 pts (RANSOMWARE_EXT) | Total: 60
[18:36:44] ⚠️  MEDIUM RISK | C:\Users\nimsa\OneDrive\Documents\Visual Studio\NOVASPHERE\test_folder\project_report_9.docx.locked | Score: 60 — monitoring closely
