[15:07:12] [SCORE] E:\Capstone Pr 2\NOVASPHERE\test_folder\project_report_1.docx.locked | +60 pts (RANSOMWARE_EXT) | Total: 60
[15:07:12] ⚠️  MEDIUM RISK | E:\Capstone Pr 2\NOVASPHERE\test_folder\project_report_1.docx.locked | Score: 60 — monitoring closely
[15:07:13] [SCORE] E:\Capstone Pr 2\NOVASPHERE\test_folder\project_report_10.docx.locked | +60 pts (RANSOMWARE_EXT) | Total: 60
[15:07:13] ⚠️  MEDIUM RISK | E:\Capstone Pr 2\NOVASPHERE\test_folder\project_report_10.docx.locked | Score: 60 — monitoring closely
[15:07:13] [SCORE] E:\Capstone Pr 2\NOVASPHERE\test_folder\project_report_11.docx.locked | +60 pts (RANSOMWARE_EXT) | Total: 60
[15:07:13] ⚠️  MEDIUM RISK | E:\Capstone Pr 2\NOVASPHERE\test_folder\project_report_11.docx.locked | Score: 60 — monitoring closely
[15:07:13] [SCORE] E:\Capstone Pr 2\NOVASPHERE\test_folder\project_report_12.docx.locked | +60 pts (RANSOMWARE_EXT) | Total: 60
[15:07:13] ⚠️  MEDIUM RISK | E:\Capstone Pr 2\NOVASPHERE\test_folder\project_report_12.docx.locked | Score: 60 — monitoring closely
[15:07:13] [SCORE] E:\Capstone Pr 2\NOVASPHERE\test_folder\project_report_2.docx.locked | +60 pts (RANSOMWARE_EXT) | Total: 60
[15:07:13] ⚠️  MEDIUM RISK | E:\Capstone Pr 2\NOVASPHERE\test_folder\project_report_2.docx.locked | Score: 60 — monitoring closely
[15:07:13] [SCORE] E:\Capstone Pr 2\NOVASPHERE\test_folder\project_report_3.docx.locked | +60 pts (RANSOMWARE_EXT) | Total: 60
[15:07:13] ⚠️  MEDIUM RISK | E:\Capstone Pr 2\NOVASPHERE\test_folder\project_report_3.docx.locked | Score: 60 — monitoring closely
[15:07:13] [SCORE] E:\Capstone Pr 2\NOVASPHERE\test_folder\project_report_4.docx.locked | +60 pts (RANSOMWARE_EXT) | Total: 60
[15:07:13] ⚠️  MEDIUM RISK | E:\Capstone Pr 2\NOVASPHERE\test_folder\project_report_4.docx.locked | Score: 60 — monitoring closely
[15:07:14] [SCORE] E:\Capstone Pr 2\NOVASPHERE\test_folder\project_report_6.docx.locked | +60 pts (RANSOMWARE_EXT) | Total: 60
[15:07:14] ⚠️  MEDIUM RISK | E:\Capstone Pr 2\NOVASPHERE\test_folder\project_report_6.docx.locked | Score: 60 — monitoring closely
[15:07:14] [SCORE] E:\Capstone Pr 2\NOVASPHERE\test_folder\project_report_7.docx.locked | +60 pts (RANSOMWARE_EXT) | Total: 60
[15:07:14] ⚠️  MEDIUM RISK | E:\Capstone Pr 2\NOVASPHERE\test_folder\project_report_7.docx.locked | Score: 60 — monitoring closely
[15:07:14] [SCORE] E:\Capstone Pr 2\NOVASPHERE\test_folder\project_report_8.docx.locked | +60 pts (RANSOMWARE_EXT) | Total: 60
[15:07:14] ⚠️  MEDIUM RISK | E:\Capstone Pr 2\NOVASPHERE\test_folder\project_report_8.docx.locked | Score: 60 — monitoring closely
[15:07:14] [SCORE] E:\Capstone Pr 2\NOVASPHERE\test_folder\project_report_9.docx.locked | +60 pts (RANSOMWARE_EXT) | Total: 60
[15:07:14] ⚠️  MEDIUM RISK | E:\Capstone Pr 2\NOVASPHERE\test_folder\project_report_9.docx.locked | Score: 60 — monitoring closely
[15:08:18] 🍯 HONEYPOT TRIGGERED! File: E:\Capstone Pr 2\NOVASPHERE\test_folder\HR_employee_data.docx
[15:08:18] 🔥 Immediate response — attack caught before real damage!
[15:08:48] 🍯 HONEYPOT TRIGGERED! File: E:\Capstone Pr 2\NOVASPHERE\test_folder\HR_employee_data.docx.locked
[15:08:48] 🔥 Immediate response — attack caught before real damage!
[15:09:12] 🍯 HONEYPOT TRIGGERED! File: E:\Capstone Pr 2\NOVASPHERE\test_folder\company_secrets.txt
[15:09:12] 🔥 Immediate response — attack caught before real damage!
[15:09:35] 🍯 HONEYPOT TRIGGERED! File: E:\Capstone Pr 2\NOVASPHERE\test_folder\company_secrets.txt.locked
[15:09:35] 🔥 Immediate response — attack caught before real damage!
